Archive member included to satisfy reference by file (symbol)

c:/program files (x86)/gnu tools arm embedded/7 2018-q2-update/bin/../lib/gcc/arm-none-eabi/7.3.1/thumb/v8-m.main/fpv5-sp/hard\libgcc.a(_aeabi_ldivmod.o)
                              ./sdk/peripherals/src/hw_gpadc.o (__aeabi_ldivmod)
c:/program files (x86)/gnu tools arm embedded/7 2018-q2-update/bin/../lib/gcc/arm-none-eabi/7.3.1/thumb/v8-m.main/fpv5-sp/hard\libgcc.a(_aeabi_uldivmod.o)
                              ./sdk/sys_man/sys_adc_da1459x.o (__aeabi_uldivmod)
c:/program files (x86)/gnu tools arm embedded/7 2018-q2-update/bin/../lib/gcc/arm-none-eabi/7.3.1/thumb/v8-m.main/fpv5-sp/hard\libgcc.a(_udivmoddi4.o)
                              c:/program files (x86)/gnu tools arm embedded/7 2018-q2-update/bin/../lib/gcc/arm-none-eabi/7.3.1/thumb/v8-m.main/fpv5-sp/hard\libgcc.a(_aeabi_ldivmod.o) (__udivmoddi4)
c:/program files (x86)/gnu tools arm embedded/7 2018-q2-update/bin/../lib/gcc/arm-none-eabi/7.3.1/thumb/v8-m.main/fpv5-sp/hard\libgcc.a(_dvmd_tls.o)
                              c:/program files (x86)/gnu tools arm embedded/7 2018-q2-update/bin/../lib/gcc/arm-none-eabi/7.3.1/thumb/v8-m.main/fpv5-sp/hard\libgcc.a(_aeabi_ldivmod.o) (__aeabi_ldiv0)
c:/program files (x86)/gnu tools arm embedded/7 2018-q2-update/bin/../lib/gcc/arm-none-eabi/7.3.1/../../../../arm-none-eabi/lib/thumb/v8-m.main/fpv5-sp/hard\libg_nano.a(lib_a-exit.o)
                              c:/program files (x86)/gnu tools arm embedded/7 2018-q2-update/bin/../lib/gcc/arm-none-eabi/7.3.1/../../../../arm-none-eabi/lib/thumb/v8-m.main/fpv5-sp/hard/crt0.o (exit)
c:/program files (x86)/gnu tools arm embedded/7 2018-q2-update/bin/../lib/gcc/arm-none-eabi/7.3.1/../../../../arm-none-eabi/lib/thumb/v8-m.main/fpv5-sp/hard\libg_nano.a(lib_a-fflush.o)
                              ./main.o (fflush)
c:/program files (x86)/gnu tools arm embedded/7 2018-q2-update/bin/../lib/gcc/arm-none-eabi/7.3.1/../../../../arm-none-eabi/lib/thumb/v8-m.main/fpv5-sp/hard\libg_nano.a(lib_a-findfp.o)
                              c:/program files (x86)/gnu tools arm embedded/7 2018-q2-update/bin/../lib/gcc/arm-none-eabi/7.3.1/../../../../arm-none-eabi/lib/thumb/v8-m.main/fpv5-sp/hard\libg_nano.a(lib_a-fflush.o) (__sinit)
c:/program files (x86)/gnu tools arm embedded/7 2018-q2-update/bin/../lib/gcc/arm-none-eabi/7.3.1/../../../../arm-none-eabi/lib/thumb/v8-m.main/fpv5-sp/hard\libg_nano.a(lib_a-fwalk.o)
                              c:/program files (x86)/gnu tools arm embedded/7 2018-q2-update/bin/../lib/gcc/arm-none-eabi/7.3.1/../../../../arm-none-eabi/lib/thumb/v8-m.main/fpv5-sp/hard\libg_nano.a(lib_a-findfp.o) (_fwalk)
c:/program files (x86)/gnu tools arm embedded/7 2018-q2-update/bin/../lib/gcc/arm-none-eabi/7.3.1/../../../../arm-none-eabi/lib/thumb/v8-m.main/fpv5-sp/hard\libg_nano.a(lib_a-impure.o)
                              c:/program files (x86)/gnu tools arm embedded/7 2018-q2-update/bin/../lib/gcc/arm-none-eabi/7.3.1/../../../../arm-none-eabi/lib/thumb/v8-m.main/fpv5-sp/hard\libg_nano.a(lib_a-exit.o) (_global_impure_ptr)
c:/program files (x86)/gnu tools arm embedded/7 2018-q2-update/bin/../lib/gcc/arm-none-eabi/7.3.1/../../../../arm-none-eabi/lib/thumb/v8-m.main/fpv5-sp/hard\libg_nano.a(lib_a-init.o)
                              c:/program files (x86)/gnu tools arm embedded/7 2018-q2-update/bin/../lib/gcc/arm-none-eabi/7.3.1/../../../../arm-none-eabi/lib/thumb/v8-m.main/fpv5-sp/hard/crt0.o (__libc_init_array)
c:/program files (x86)/gnu tools arm embedded/7 2018-q2-update/bin/../lib/gcc/arm-none-eabi/7.3.1/../../../../arm-none-eabi/lib/thumb/v8-m.main/fpv5-sp/hard\libg_nano.a(lib_a-memcmp.o)
                              ./sdk/sys_man/sys_boot.o (memcmp)
c:/program files (x86)/gnu tools arm embedded/7 2018-q2-update/bin/../lib/gcc/arm-none-eabi/7.3.1/../../../../arm-none-eabi/lib/thumb/v8-m.main/fpv5-sp/hard\libg_nano.a(lib_a-memcpy-stub.o)
                              ./sdk/osal/msg_queues.o (memcpy)
c:/program files (x86)/gnu tools arm embedded/7 2018-q2-update/bin/../lib/gcc/arm-none-eabi/7.3.1/../../../../arm-none-eabi/lib/thumb/v8-m.main/fpv5-sp/hard\libg_nano.a(lib_a-memset.o)
                              c:/program files (x86)/gnu tools arm embedded/7 2018-q2-update/bin/../lib/gcc/arm-none-eabi/7.3.1/../../../../arm-none-eabi/lib/thumb/v8-m.main/fpv5-sp/hard/crt0.o (memset)
c:/program files (x86)/gnu tools arm embedded/7 2018-q2-update/bin/../lib/gcc/arm-none-eabi/7.3.1/../../../../arm-none-eabi/lib/thumb/v8-m.main/fpv5-sp/hard\libg_nano.a(lib_a-nano-freer.o)
                              c:/program files (x86)/gnu tools arm embedded/7 2018-q2-update/bin/../lib/gcc/arm-none-eabi/7.3.1/../../../../arm-none-eabi/lib/thumb/v8-m.main/fpv5-sp/hard\libg_nano.a(lib_a-fflush.o) (_free_r)
c:/program files (x86)/gnu tools arm embedded/7 2018-q2-update/bin/../lib/gcc/arm-none-eabi/7.3.1/../../../../arm-none-eabi/lib/thumb/v8-m.main/fpv5-sp/hard\libg_nano.a(lib_a-nano-mallocr.o)
[...]
Memory Configuration

Name             Origin             Length             Attributes
ROM              0x00000000         0x0001e000         xr
RAM              0x20000200         0x00017a00         rw
*default*        0x00000000         0xffffffff

Linker script and memory map

LOAD c:/program files (x86)/gnu tools arm embedded/7 2018-q2-update/bin/../lib/gcc/arm-none-eabi/7.3.1/thumb/v8-m.main/fpv5-sp/hard/crti.o
LOAD c:/program files (x86)/gnu tools arm embedded/7 2018-q2-update/bin/../lib/gcc/arm-none-eabi/7.3.1/thumb/v8-m.main/fpv5-sp/hard/crtbegin.o
LOAD c:/program files (x86)/gnu tools arm embedded/7 2018-q2-update/bin/../lib/gcc/arm-none-eabi/7.3.1/../../../../arm-none-eabi/lib/thumb/v8-m.main/fpv5-sp/hard/crt0.o
LOAD ./startup/DA1459x/GCC/deepsleep.o
LOAD ./startup/DA1459x/GCC/exception_handlers.o
LOAD ./startup/DA1459x/GCC/startup_da1459x.o
LOAD ./startup/DA1459x/GCC/vector_table_da1459x.o
LOAD ./startup/DA1459x/init_da1459x.o
LOAD ./startup/DA1459x/system_da1459x.o
LOAD ./startup/assertions.o
LOAD ./startup/config.o
LOAD ./sdk/util/src/chacha20.o
LOAD ./sdk/util/src/sdk_crc16.o
LOAD ./sdk/util/src/sdk_list.o
LOAD ./sdk/util/src/sdk_queue.o
LOAD ./sdk/sys_man/sys_adc.o
LOAD ./sdk/sys_man/sys_adc_da1459x.o
LOAD ./sdk/sys_man/sys_audio_mgr.o
LOAD ./sdk/sys_man/sys_boot.o
LOAD ./sdk/sys_man/sys_bsr.o
LOAD ./sdk/sys_man/sys_clock_mgr_da1459x.o
LOAD ./sdk/sys_man/sys_drbg.o
LOAD ./sdk/sys_man/sys_power_mgr_da1459x.o
LOAD ./sdk/sys_man/sys_rcx_calibrate.o
LOAD ./sdk/sys_man/sys_tcs.o
LOAD ./sdk/sys_man/sys_tcs_da1459x.o
LOAD ./sdk/sys_man/sys_timer.o
LOAD ./sdk/sys_man/sys_trng_v2.o
LOAD ./sdk/sys_man/sys_watchdog.o
LOAD ./sdk/peripherals/src/hw_aes.o
LOAD ./sdk/peripherals/src/hw_aes_hash.o
LOAD ./sdk/peripherals/src/hw_bod_da1459x.o
LOAD ./sdk/peripherals/src/hw_cache.o
LOAD ./sdk/peripherals/src/hw_clk_da1459x.o
LOAD ./sdk/peripherals/src/hw_cpm_da1459x.o
LOAD ./sdk/peripherals/src/hw_dma.o
LOAD ./sdk/peripherals/src/hw_fcu.o
LOAD ./sdk/peripherals/src/hw_gpadc.o
LOAD ./sdk/peripherals/src/hw_gpadc_v2.o
LOAD ./sdk/peripherals/src/hw_gpio.o
LOAD ./sdk/peripherals/src/hw_hard_fault.o
LOAD ./sdk/peripherals/src/hw_hash.o
LOAD ./sdk/peripherals/src/hw_i2c.o
LOAD ./sdk/peripherals/src/hw_memctrl.o
LOAD ./sdk/peripherals/src/hw_mpu.o
LOAD ./sdk/peripherals/src/hw_pcm.o
LOAD ./sdk/peripherals/src/hw_pdc.o
LOAD ./sdk/peripherals/src/hw_pdm.o
LOAD ./sdk/peripherals/src/hw_pmu_da1459x.o
LOAD ./sdk/peripherals/src/hw_qspi_v2.o
LOAD ./sdk/peripherals/src/hw_quad_v2.o
LOAD ./sdk/peripherals/src/hw_rtc.o
LOAD ./sdk/peripherals/src/hw_sdadc.o
LOAD ./sdk/peripherals/src/hw_spi.o
LOAD ./sdk/peripherals/src/hw_src.o
LOAD ./sdk/peripherals/src/hw_sys_da1459x.o
LOAD ./sdk/peripherals/src/hw_timer.o
LOAD ./sdk/peripherals/src/hw_uart.o
LOAD ./sdk/peripherals/src/hw_watchdog.o
LOAD ./sdk/peripherals/src/hw_wkup_v2.o
LOAD ./sdk/osal/msg_queues.o
LOAD ./sdk/osal/resmgmt.o
LOAD ./sdk/memory/src/eflash_automode.o
LOAD ./sdk/memory/src/qspi_automode_v2.o
LOAD ./sdk/adapters/src/ad.o
LOAD ./sdk/adapters/src/ad_crypto.o
LOAD ./sdk/adapters/src/ad_flash.o
LOAD ./sdk/adapters/src/ad_gpadc.o
LOAD ./sdk/adapters/src/ad_i2c.o
LOAD ./sdk/adapters/src/ad_nvms.o
LOAD ./sdk/adapters/src/ad_nvms_direct.o
LOAD ./sdk/adapters/src/ad_nvms_ves.o
LOAD ./sdk/adapters/src/ad_nvparam.o
LOAD ./sdk/adapters/src/ad_pmu.o
LOAD ./sdk/adapters/src/ad_sdadc.o
LOAD ./sdk/adapters/src/ad_spi.o
LOAD ./sdk/adapters/src/ad_template.o
LOAD ./sdk/adapters/src/ad_uart.o
LOAD ./sdk/adapters/src/sys_platform_devices_internal.o
LOAD ./sdk/FreeRTOS/portable/MemMang/heap_4.o
LOAD ./sdk/FreeRTOS/portable/MemMang/heap_5.o
LOAD ./sdk/FreeRTOS/portable/GCC/DA1459x/port.o
LOAD ./sdk/FreeRTOS/portable/GCC/DA1459x/portasm.o
LOAD ./sdk/FreeRTOS/portable/Common/mpu_wrappers.o
LOAD ./sdk/FreeRTOS/croutine.o
LOAD ./sdk/FreeRTOS/event_groups.o
LOAD ./sdk/FreeRTOS/list.o
LOAD ./sdk/FreeRTOS/queue.o
LOAD ./sdk/FreeRTOS/stream_buffer.o
LOAD ./sdk/FreeRTOS/tasks.o
LOAD ./sdk/FreeRTOS/timers.o
LOAD ./main.o
START GROUP
LOAD c:/program files (x86)/gnu tools arm embedded/7 2018-q2-update/bin/../lib/gcc/arm-none-eabi/7.3.1/thumb/v8-m.main/fpv5-sp/hard\libgcc.a
LOAD c:/program files (x86)/gnu tools arm embedded/7 2018-q2-update/bin/../lib/gcc/arm-none-eabi/7.3.1/../../../../arm-none-eabi/lib/thumb/v8-m.main/fpv5-sp/hard\libg_nano.a
LOAD c:/program files (x86)/gnu tools arm embedded/7 2018-q2-update/bin/../lib/gcc/arm-none-eabi/7.3.1/../../../../arm-none-eabi/lib/thumb/v8-m.main/fpv5-sp/hard\libc_nano.a
END GROUP
START GROUP
LOAD c:/program files (x86)/gnu tools arm embedded/7 2018-q2-update/bin/../lib/gcc/arm-none-eabi/7.3.1/thumb/v8-m.main/fpv5-sp/hard\libgcc.a
LOAD c:/program files (x86)/gnu tools arm embedded/7 2018-q2-update/bin/../lib/gcc/arm-none-eabi/7.3.1/../../../../arm-none-eabi/lib/thumb/v8-m.main/fpv5-sp/hard\libc_nano.a
LOAD c:/program files (x86)/gnu tools arm embedded/7 2018-q2-update/bin/../lib/gcc/arm-none-eabi/7.3.1/../../../../arm-none-eabi/lib/thumb/v8-m.main/fpv5-sp/hard\libnosys.a
END GROUP
START GROUP
LOAD c:/program files (x86)/gnu tools arm embedded/7 2018-q2-update/bin/../lib/gcc/arm-none-eabi/7.3.1/thumb/v8-m.main/fpv5-sp/hard\libgcc.a
LOAD c:/program files (x86)/gnu tools arm embedded/7 2018-q2-update/bin/../lib/gcc/arm-none-eabi/7.3.1/../../../../arm-none-eabi/lib/thumb/v8-m.main/fpv5-sp/hard\libc_nano.a
LOAD c:/program files (x86)/gnu tools arm embedded/7 2018-q2-update/bin/../lib/gcc/arm-none-eabi/7.3.1/../../../../arm-none-eabi/lib/thumb/v8-m.main/fpv5-sp/hard\libnosys.a
END GROUP
LOAD c:/program files (x86)/gnu tools arm embedded/7 2018-q2-update/bin/../lib/gcc/arm-none-eabi/7.3.1/thumb/v8-m.main/fpv5-sp/hard/crtend.o
LOAD c:/program files (x86)/gnu tools arm embedded/7 2018-q2-update/bin/../lib/gcc/arm-none-eabi/7.3.1/thumb/v8-m.main/fpv5-sp/hard/crtn.o
START GROUP
LOAD c:/program files (x86)/gnu tools arm embedded/7 2018-q2-update/bin/../lib/gcc/arm-none-eabi/7.3.1/thumb/v8-m.main/fpv5-sp/hard\libgcc.a
LOAD c:/program files (x86)/gnu tools arm embedded/7 2018-q2-update/bin/../lib/gcc/arm-none-eabi/7.3.1/../../../../arm-none-eabi/lib/thumb/v8-m.main/fpv5-sp/hard\libc.a
LOAD c:/program files (x86)/gnu tools arm embedded/7 2018-q2-update/bin/../lib/gcc/arm-none-eabi/7.3.1/../../../../arm-none-eabi/lib/thumb/v8-m.main/fpv5-sp/hard\libm.a
LOAD c:/program files (x86)/gnu tools arm embedded/7 2018-q2-update/bin/../lib/gcc/arm-none-eabi/7.3.1/../../../../arm-none-eabi/lib/thumb/v8-m.main/fpv5-sp/hard\libnosys.a
END GROUP

.init_text      0x00000000      0x4cc load address 0x31002400
 *(.isr_vector)
 .isr_vector    0x00000000       0xcc ./startup/DA1459x/GCC/vector_table_da1459x.o
                0x00000000                __isr_vector
                0x000000cc                __isr_vector_end
                0x00000200                . = 0x200
 *fill*         0x000000cc      0x134 
                0x00000200                __Vectors_End = .
                0x00000200                __Vectors_Size = (__Vectors_End - __isr_vector)
 *(__external_application_parameters__)
                0x00000200                . = ALIGN (0x4)
 *(text_reset*)
 text_reset     0x00000200      0x11c ./startup/DA1459x/GCC/exception_handlers.o
                0x00000200                cold_reset_hook
                0x00000202                Reset_Handler
 text_reset     0x0000031c        0x0 ./startup/DA1459x/GCC/startup_da1459x.o
 text_reset     0x0000031c      0x1b0 ./startup/DA1459x/init_da1459x.o
                0x0000031c                SystemInitPre

.text           0x000004d0     0xbde8 load address 0x310028d0
 *(EXCLUDE_FILE(*libgcc.a:_clzsi2.o *libgcc.a:_clzdi2.o *libgcc.a:_udivdi3.o *libgcc.a:bpabi.o *libgcc.a:_dvmd_tls.o *libgcc.a:_muldi3.o *libgcc.a:_aeabi_uldivmod.o *libnosys.a:sbrk.o) .text*)
 .text          0x000004d0       0x40 c:/program files (x86)/gnu tools arm embedded/7 2018-q2-update/bin/../lib/gcc/arm-none-eabi/7.3.1/thumb/v8-m.main/fpv5-sp/hard/crtbegin.o
 .text          0x00000510       0x74 c:/program files (x86)/gnu tools arm embedded/7 2018-q2-update/bin/../lib/gcc/arm-none-eabi/7.3.1/../../../../arm-none-eabi/lib/thumb/v8-m.main/fpv5-sp/hard/crt0.o
                0x00000510                _start
                0x00000510                _mainCRTStartup
 .text          0x00000584      0x158 ./startup/DA1459x/GCC/deepsleep.o
                0x00000584                goto_deepsleep
                0x00000630                wakeup_from_deepsleep
 .text          0x000006dc       0x1c ./startup/DA1459x/GCC/exception_handlers.o
                0x000006dc                Wakeup_Reset_Handler
 .text          0x000006f8       0x14 ./startup/DA1459x/GCC/startup_da1459x.o
                0x000006f8                RESERVED43_Handler
                0x000006f8                SPI_Handler
                0x000006f8                SysTick_Handler
                0x000006f8                RESERVED46_Handler
                0x000006f8                CMAC2SYS_Handler
                0x000006f8                RESERVED39_Handler
                0x000006f8                RESERVED36_Handler
                0x000006f8                QUADDEC_Handler
                0x000006f8                PDC_Handler
                0x000006f8                RESERVED45_Handler
                0x000006f8                SRC_Out_Handler
                0x000006f8                RESERVED42_Handler
                0x000006f8                RTC_Event_Handler
                0x000006f8                RESERVED22_Handler
                0x000006f8                SRC2_Out_Handler
                0x000006f8                SRC_In_Handler
                0x000006f8                Crypto_Handler
                0x000006f8                SDADC_Handler
                0x000006f8                PCM_Handler
                0x000006f8                Clock_Calibration_Handler
                0x000006f8                SRC2_In_Handler
                0x000006f8                I2C_Handler
                0x000006f8                SecureFault_Handler
                0x000006f8                RFDIAG_Handler
                0x000006f8                Default_Handler
                0x000006f8                RESERVED35_Handler
                0x000006f8                RESERVED40_Handler
                0x000006f8                RESERVED37_Handler
                0x000006f8                RESERVED00_Handler
                0x000006f8                RESERVED41_Handler
                0x000006f8                RESERVED44_Handler
                0x000006f8                MDCT_Handler
                0x000006f8                RESERVED47_Handler
                0x000006f8                RESERVED20_Handler
                0x000006f8                RESERVED38_Handler
 .text.set_cacheable_memory_length
                0x0000070c      0x104 ./startup/DA1459x/init_da1459x.o
 .text.configure_pdc
                0x00000810       0xc4 ./startup/DA1459x/init_da1459x.o
 .text.configure_rtc
                0x000008d4       0x1c ./startup/DA1459x/init_da1459x.o
 .text._sbrk    0x000008f0       0x2c ./startup/DA1459x/init_da1459x.o
                0x000008f0                _sbrk
 .text.set_interrupt_priorities
                0x0000091c       0x94 ./startup/DA1459x/init_da1459x.o
                0x0000091c                set_interrupt_priorities
 .text.da1459x_SystemInit
                0x000009b0      0x35c ./startup/DA1459x/init_da1459x.o
 .text.UserApp_SystemInitPre
                0x00000d0c        0x2 ./startup/DA1459x/init_da1459x.o
                0x00000d0c                UserApp_SystemInitPre
 *fill*         0x00000d0e        0x2 
 .text.SystemInit
                0x00000d10       0x30 ./startup/DA1459x/system_da1459x.o
                0x00000d10                SystemInit
 .text.assert_warning_uninit
                0x00000d40       0x24 ./startup/assertions.o
 .text.assertion_functions_set_to_init
                0x00000d64       0x10 ./startup/assertions.o
                0x00000d64                assertion_functions_set_to_init
 .text.assertion_functions_set_to_uninit
                0x00000d74       0x10 ./startup/assertions.o
                0x00000d74                assertion_functions_set_to_uninit
 .text.retarget_reinit
                0x00000d84       0x44 ./startup/config.o
 .text.retarget_init
                0x00000dc8       0x20 ./startup/config.o
                0x00000dc8                retarget_init
 .text._read    0x00000de8       0x90 ./startup/config.o
                0x00000de8                _read
 .text.puts     0x00000e78       0xf8 ./startup/config.o
                0x00000e78                puts
 .text.putchar  0x00000f70       0x20 ./startup/config.o
                0x00000f70                putchar
 .text.crc16_init
                0x00000f90        0x8 ./sdk/util/src/sdk_crc16.o
                0x00000f90                crc16_init
 .text.crc16_update
                0x00000f98       0x48 ./sdk/util/src/sdk_crc16.o
                0x00000f98                crc16_update
 .text.crc16_calculate
                0x00000fe0       0x24 ./sdk/util/src/sdk_crc16.o
                0x00000fe0                crc16_calculate
 .text.sys_adc_timer_callback
                0x00001004       0x30 ./sdk/sys_man/sys_adc_da1459x.o
 .text.read_adc_value
                0x00001034       0x34 ./sdk/sys_man/sys_adc_da1459x.o
 .text.Sys_ADC  0x00001068      0x14c ./sdk/sys_man/sys_adc_da1459x.o
 .text.sys_adc_enable
                0x000011b4       0x38 ./sdk/sys_man/sys_adc_da1459x.o
                0x000011b4                sys_adc_enable
 .text.sys_adc_init
                0x000011ec       0xbc ./sdk/sys_man/sys_adc_da1459x.o
                0x000011ec                sys_adc_init
 .text.sys_adc_trigger
                0x000012a8       0xc8 ./sdk/sys_man/sys_adc_da1459x.o
                0x000012a8                sys_adc_trigger
 .text.get_product_header_len
                0x00001370        0x4 ./sdk/sys_man/sys_boot.o
 .text.detect_executed_fw_img_addr
                0x00001374        0x6 ./sdk/sys_man/sys_boot.o
 .text.crc16_read
                0x0000137a       0x24 ./sdk/sys_man/sys_boot.o
 .text.restore_product_header
                0x0000139e       0x44 ./sdk/sys_man/sys_boot.o
 .text.crc16_calc
                0x000013e2       0x26 ./sdk/sys_man/sys_boot.o
 .text.equalize_image_pointers
                0x00001408       0x7e ./sdk/sys_man/sys_boot.o
 *fill*         0x00001486        0x2 
 .text.sys_boot_restore_product_headers
                0x00001488       0xac ./sdk/sys_man/sys_boot.o
                0x00001488                sys_boot_restore_product_headers
 .text.sys_sw_bsr_init
                0x00001534       0x14 ./sdk/sys_man/sys_bsr.o
                0x00001534                sys_sw_bsr_init
 .text.get_clk_freq
                0x00001548       0x10 ./sdk/sys_man/sys_clock_mgr_da1459x.o
 .text.get_optimum_tick_rate
                0x00001558       0x56 ./sdk/sys_man/sys_clock_mgr_da1459x.o
 *fill*         0x000015ae        0x2 
 .text.cm_get_usec_from_rtc_time
                0x000015b0       0x74 ./sdk/sys_man/sys_clock_mgr_da1459x.o
 .text.cm_apply_rtc_compensation_hos
                0x00001624       0x48 ./sdk/sys_man/sys_clock_mgr_da1459x.o
 .text.apb_set_clock_divider
                0x0000166c       0x44 ./sdk/sys_man/sys_clock_mgr_da1459x.o
 .text.find_prio_list_idx
                0x000016b0       0x28 ./sdk/sys_man/sys_clock_mgr_da1459x.o
 .text.get_pdc_xtal32m_entry
                0x000016d8       0x34 ./sdk/sys_man/sys_clock_mgr_da1459x.o
 .text.cm_calculate_rcx_accurate
                0x0000170c      0x120 ./sdk/sys_man/sys_clock_mgr_da1459x.o
 .text.ahb_set_clock_divider
                0x0000182c       0x78 ./sdk/sys_man/sys_clock_mgr_da1459x.o
 .text.enable_dblr
                0x000018a4       0x60 ./sdk/sys_man/sys_clock_mgr_da1459x.o
 .text.disable_dblr
                0x00001904       0x50 ./sdk/sys_man/sys_clock_mgr_da1459x.o
 .text.xtal32m_is_ready
                0x00001954       0x3c ./sdk/sys_man/sys_clock_mgr_da1459x.o
 .text.cm_rtc_compensation
                0x00001990      0x108 ./sdk/sys_man/sys_clock_mgr_da1459x.o
 .text.switch_to_rc32
                0x00001a98       0x64 ./sdk/sys_man/sys_clock_mgr_da1459x.o
 .text.apply_lowered_clocks
                0x00001afc       0xa8 ./sdk/sys_man/sys_clock_mgr_da1459x.o
 .text.switch_to_xtal32m
                0x00001ba4       0xa4 ./sdk/sys_man/sys_clock_mgr_da1459x.o
 .text.switch_to_dblr
                0x00001c48       0xac ./sdk/sys_man/sys_clock_mgr_da1459x.o
 .text.cm_get_xtalm_settling_lpcycles
                0x00001cf4       0x48 ./sdk/sys_man/sys_clock_mgr_da1459x.o
                0x00001cf4                cm_get_xtalm_settling_lpcycles
 .text.cm_enable_xtalm
                0x00001d3c       0xfc ./sdk/sys_man/sys_clock_mgr_da1459x.o
                0x00001d3c                cm_enable_xtalm
 .text.cm_enable_xtalm_if_required
                0x00001e38       0x14 ./sdk/sys_man/sys_clock_mgr_da1459x.o
                0x00001e38                cm_enable_xtalm_if_required
 .text.cm_clk_init_low_level_internal
                0x00001e4c       0xbc ./sdk/sys_man/sys_clock_mgr_da1459x.o
                0x00001e4c                cm_clk_init_low_level_internal
 .text.cm_calibrate_rclp
                0x00001f08      0x110 ./sdk/sys_man/sys_clock_mgr_da1459x.o
                0x00001f08                cm_calibrate_rclp
 .text.cm_calibrate_rc32m
                0x00002018      0x12e ./sdk/sys_man/sys_clock_mgr_da1459x.o
                0x00002018                cm_calibrate_rc32m
 .text.cm_rcx_init
                0x00002146       0x1a ./sdk/sys_man/sys_clock_mgr_da1459x.o
                0x00002146                cm_rcx_init
 .text.cm_get_rcx_clock_period
                0x00002160        0xc ./sdk/sys_man/sys_clock_mgr_da1459x.o
                0x00002160                cm_get_rcx_clock_period
 .text.cm_update_rtc_divider
                0x0000216c       0x6c ./sdk/sys_man/sys_clock_mgr_da1459x.o
                0x0000216c                cm_update_rtc_divider
 .text.rc_clocks_calibration_task
                0x000021d8      0x13c ./sdk/sys_man/sys_clock_mgr_da1459x.o
 .text.cm_rtc_callback
                0x00002314       0x20 ./sdk/sys_man/sys_clock_mgr_da1459x.o
 .text.cm_apb_set_clock_divider
                0x00002334       0x2c ./sdk/sys_man/sys_clock_mgr_da1459x.o
                0x00002334                cm_apb_set_clock_divider
 .text.cm_ahb_set_clock_divider
                0x00002360       0x30 ./sdk/sys_man/sys_clock_mgr_da1459x.o
                0x00002360                cm_ahb_set_clock_divider
 .text.cm_sys_clk_get_fromISR
                0x00002390       0x4c ./sdk/sys_man/sys_clock_mgr_da1459x.o
                0x00002390                cm_sys_clk_get_fromISR
 .text.cm_apb_get_clock_divider
                0x000023dc       0x30 ./sdk/sys_man/sys_clock_mgr_da1459x.o
                0x000023dc                cm_apb_get_clock_divider
 .text.cm_ahb_get_clock_divider
                0x0000240c       0x58 ./sdk/sys_man/sys_clock_mgr_da1459x.o
                0x0000240c                cm_ahb_get_clock_divider
 .text.cm_cpu_clk_get_fromISR
                0x00002464       0x18 ./sdk/sys_man/sys_clock_mgr_da1459x.o
                0x00002464                cm_cpu_clk_get_fromISR
 .text.cm_wait_dblr_ready
                0x0000247c       0x10 ./sdk/sys_man/sys_clock_mgr_da1459x.o
                0x0000247c                cm_wait_dblr_ready
 .text.cm_rcx_us_2_lpcycles
                0x0000248c       0x24 ./sdk/sys_man/sys_clock_mgr_da1459x.o
                0x0000248c                cm_rcx_us_2_lpcycles
 .text.cm_rcx_us_2_lpcycles_low_acc
                0x000024b0       0x18 ./sdk/sys_man/sys_clock_mgr_da1459x.o
                0x000024b0                cm_rcx_us_2_lpcycles_low_acc
 .text.cm_rc_clocks_calibration_notify
                0x000024c8       0x30 ./sdk/sys_man/sys_clock_mgr_da1459x.o
                0x000024c8                cm_rc_clocks_calibration_notify
 .text.cm_rc_clocks_calibration_task_init
                0x000024f8       0x34 ./sdk/sys_man/sys_clock_mgr_da1459x.o
                0x000024f8                cm_rc_clocks_calibration_task_init
 .text.cm_lp_clk_init
                0x0000252c       0x3c ./sdk/sys_man/sys_clock_mgr_da1459x.o
                0x0000252c                cm_lp_clk_init
 .text.cm_lp_clk_is_avail
                0x00002568       0x34 ./sdk/sys_man/sys_clock_mgr_da1459x.o
                0x00002568                cm_lp_clk_is_avail
 .text.cm_lp_clk_is_avail_fromISR
                0x0000259c       0x20 ./sdk/sys_man/sys_clock_mgr_da1459x.o
                0x0000259c                cm_lp_clk_is_avail_fromISR
 .text.cm_lower_all_clocks
                0x000025bc       0x44 ./sdk/sys_man/sys_clock_mgr_da1459x.o
                0x000025bc                cm_lower_all_clocks
 .text.cm_restore_all_clocks
                0x00002600      0x134 ./sdk/sys_man/sys_clock_mgr_da1459x.o
                0x00002600                cm_restore_all_clocks
 .text.cm_poll_xtalm_ready
                0x00002734        0xc ./sdk/sys_man/sys_clock_mgr_da1459x.o
                0x00002734                cm_poll_xtalm_ready
 .text.cm_sys_clk_init
                0x00002740      0x158 ./sdk/sys_man/sys_clock_mgr_da1459x.o
                0x00002740                cm_sys_clk_init
 .text.cm_halt_until_xtalm_ready
                0x00002898       0xa0 ./sdk/sys_man/sys_clock_mgr_da1459x.o
                0x00002898                cm_halt_until_xtalm_ready
 .text.cm_halt_until_sysclk_ready
                0x00002938       0x28 ./sdk/sys_man/sys_clock_mgr_da1459x.o
                0x00002938                cm_halt_until_sysclk_ready
 .text.switch_to_xtal_safe
                0x00002960       0x50 ./sdk/sys_man/sys_clock_mgr_da1459x.o
 .text.cm_register_xtal_ready_callback
                0x000029b0        0xc ./sdk/sys_man/sys_clock_mgr_da1459x.o
                0x000029b0                cm_register_xtal_ready_callback
 .text.cm_sys_clk_sleep
                0x000029bc      0x1b4 ./sdk/sys_man/sys_clock_mgr_da1459x.o
                0x000029bc                cm_sys_clk_sleep
 .text.XTAL32M_Ready_Handler
                0x00002b70       0x84 ./sdk/sys_man/sys_clock_mgr_da1459x.o
                0x00002b70                XTAL32M_Ready_Handler
 .text.cm_sys_clk_wakeup
                0x00002bf4       0x4c ./sdk/sys_man/sys_clock_mgr_da1459x.o
                0x00002bf4                cm_sys_clk_wakeup
 .text.cm_switch_to_xtalm_if_settled
                0x00002c40       0x30 ./sdk/sys_man/sys_clock_mgr_da1459x.o
                0x00002c40                cm_switch_to_xtalm_if_settled
 .text.init_component
                0x00002c70       0x4c ./sdk/sys_man/sys_power_mgr_da1459x.o
 .text.xtalm_ready_cb
                0x00002cbc       0x3c ./sdk/sys_man/sys_power_mgr_da1459x.o
 .text.pm_sleep_mode_update
                0x00002cf8       0x54 ./sdk/sys_man/sys_power_mgr_da1459x.o
 .text.jtag_wkup_discover_combo_pdc_entry_idx
                0x00002d4c       0x4c ./sdk/sys_man/sys_power_mgr_da1459x.o
 .text.clk_of_periph_prevents_sleep
                0x00002d98       0x64 ./sdk/sys_man/sys_power_mgr_da1459x.o
 .text.init_components
                0x00002dfc       0x36 ./sdk/sys_man/sys_power_mgr_da1459x.o
 *fill*         0x00002e32        0x2 
 .text.init_adapters
                0x00002e34       0x28 ./sdk/sys_man/sys_power_mgr_da1459x.o
 .text.init_buses
                0x00002e5c       0x18 ./sdk/sys_man/sys_power_mgr_da1459x.o
 .text.init_devices
                0x00002e74       0x18 ./sdk/sys_man/sys_power_mgr_da1459x.o
 .text.jtag_wkup_check
                0x00002e8c       0xa0 ./sdk/sys_man/sys_power_mgr_da1459x.o
 .text.sys_init_wake_up
                0x00002f2c       0xc4 ./sdk/sys_man/sys_power_mgr_da1459x.o
 .text.sleep_exit
                0x00002ff0       0x20 ./sdk/sys_man/sys_power_mgr_da1459x.o
 .text.system_wake_up
                0x00003010       0x94 ./sdk/sys_man/sys_power_mgr_da1459x.o
 .text.reset_pdc_lut_entries
                0x000030a4       0x3c ./sdk/sys_man/sys_power_mgr_da1459x.o
 .text.pm_system_init
                0x000030e0       0xbc ./sdk/sys_man/sys_power_mgr_da1459x.o
                0x000030e0                pm_system_init
 .text.pm_set_wakeup_mode
                0x0000319c       0x28 ./sdk/sys_man/sys_power_mgr_da1459x.o
                0x0000319c                pm_set_wakeup_mode
 .text.pm_sleep_mode_set
                0x000031c4       0x38 ./sdk/sys_man/sys_power_mgr_da1459x.o
                0x000031c4                pm_sleep_mode_set
 .text.pm_sleep_mode_request
                0x000031fc       0x48 ./sdk/sys_man/sys_power_mgr_da1459x.o
                0x000031fc                pm_sleep_mode_request
 .text.pm_sleep_mode_release
                0x00003244       0x44 ./sdk/sys_man/sys_power_mgr_da1459x.o
                0x00003244                pm_sleep_mode_release
 .text.pm_execute_wfi
                0x00003288        0x6 ./sdk/sys_man/sys_power_mgr_da1459x.o
                0x00003288                pm_execute_wfi
 *fill*         0x0000328e        0x2 
 .text.pm_get_system_sleep_state
                0x00003290        0xc ./sdk/sys_man/sys_power_mgr_da1459x.o
                0x00003290                pm_get_system_sleep_state
 .text.pm_get_sys_wakeup_mode
                0x0000329c       0x16 ./sdk/sys_man/sys_power_mgr_da1459x.o
                0x0000329c                pm_get_sys_wakeup_mode
 *fill*         0x000032b2        0x2 
 .text.pm_get_sys_wakeup_cycles
                0x000032b4       0x40 ./sdk/sys_man/sys_power_mgr_da1459x.o
                0x000032b4                pm_get_sys_wakeup_cycles
 .text.pm_prepare_sleep
                0x000032f4      0x228 ./sdk/sys_man/sys_power_mgr_da1459x.o
                0x000032f4                pm_prepare_sleep
 .text.pm_resume_from_sleep
                0x0000351c       0x44 ./sdk/sys_man/sys_power_mgr_da1459x.o
                0x0000351c                pm_resume_from_sleep
 .text.apply_wfi
                0x00003560      0x1fc ./sdk/sys_man/sys_power_mgr_da1459x.o
 .text.pm_sleep_enter
                0x0000375c      0x2d4 ./sdk/sys_man/sys_power_mgr_da1459x.o
                0x0000375c                pm_sleep_enter
 .text.sys_tcs_get_value_type
                0x00003a30       0x24 ./sdk/sys_man/sys_tcs.o
                0x00003a30                sys_tcs_get_value_type
 .text.sys_tcs_get_custom_values
                0x00003a54       0x80 ./sdk/sys_man/sys_tcs.o
                0x00003a54                sys_tcs_get_custom_values
 .text.sys_tcs_apply_custom_values
                0x00003ad4       0x30 ./sdk/sys_man/sys_tcs.o
                0x00003ad4                sys_tcs_apply_custom_values
 .text.sys_tcs_custom_values_system_cb
                0x00003b04       0x6e ./sdk/sys_man/sys_tcs.o
                0x00003b04                sys_tcs_custom_values_system_cb
 *fill*         0x00003b72        0x2 
 .text.init_tcs_attributes_array
                0x00003b74       0x5c ./sdk/sys_man/sys_tcs_da1459x.o
 .text.fetch_tcs_entry
                0x00003bd0       0x2c ./sdk/sys_man/sys_tcs_da1459x.o
 .text.parse_cs_for_booter_reg_pair
                0x00003bfc       0x7c ./sdk/sys_man/sys_tcs_da1459x.o
 .text.get_size_of_cs
                0x00003c78       0xf4 ./sdk/sys_man/sys_tcs_da1459x.o
 .text.store_tcs
                0x00003d6c       0xac ./sdk/sys_man/sys_tcs_da1459x.o
 .text.store_cs_attributes
                0x00003e18       0x50 ./sdk/sys_man/sys_tcs_da1459x.o
 .text.sys_tcs_get_trim_values_from_cs
                0x00003e68       0xd4 ./sdk/sys_man/sys_tcs_da1459x.o
                0x00003e68                sys_tcs_get_trim_values_from_cs
 .text.sys_tcs_reg_pairs_in_cs
                0x00003f3c       0xa0 ./sdk/sys_man/sys_tcs_da1459x.o
                0x00003f3c                sys_tcs_reg_pairs_in_cs
 .text.sys_tcs_apply_reg_pairs
                0x00003fdc       0x64 ./sdk/sys_man/sys_tcs_da1459x.o
                0x00003fdc                sys_tcs_apply_reg_pairs
 .text.sys_tcs_get_tcs_attributes_ptr
                0x00004040        0x8 ./sdk/sys_man/sys_tcs_da1459x.o
                0x00004040                sys_tcs_get_tcs_attributes_ptr
 .text.sys_tcs_get_tcs_data_ptr
                0x00004048        0xc ./sdk/sys_man/sys_tcs_da1459x.o
                0x00004048                sys_tcs_get_tcs_data_ptr
 .text.sys_tcs_get_testprogram_version
                0x00004054       0x1a ./sdk/sys_man/sys_tcs_da1459x.o
                0x00004054                sys_tcs_get_testprogram_version
 .text.hw_gpadc_get_trimmed_offsets_from_cs
                0x0000406e       0x50 ./sdk/sys_man/sys_tcs_da1459x.o
                0x0000406e                hw_gpadc_get_trimmed_offsets_from_cs
 *fill*         0x000040be        0x2 
 .text.sys_timer_advance_time_compute
                0x000040c0       0xa4 ./sdk/sys_man/sys_timer.o
 .text.update_timestamp_values
                0x00004164       0x90 ./sdk/sys_man/sys_timer.o
 .text.sys_timer_start
                0x000041f4       0x4c ./sdk/sys_man/sys_timer.o
                0x000041f4                sys_timer_start
 .text.sys_timer_stop
                0x00004240       0x18 ./sdk/sys_man/sys_timer.o
                0x00004240                sys_timer_stop
 .text.sys_timer_set_trigger
                0x00004258       0x54 ./sdk/sys_man/sys_timer.o
                0x00004258                sys_timer_set_trigger
 .text.sys_timer_advance_time_apply
                0x000042ac       0xa8 ./sdk/sys_man/sys_timer.o
 .text.sys_timer_update_slept_time
                0x00004354       0x26 ./sdk/sys_man/sys_timer.o
                0x00004354                sys_timer_update_slept_time
 .text.sys_timer_advance_time
                0x0000437a       0x18 ./sdk/sys_man/sys_timer.o
 .text.OS_TICK_Handler
                0x00004392       0x2a ./sdk/sys_man/sys_timer.o
                0x00004392                OS_TICK_Handler
 .text.sys_timer_get_tick_offset
                0x000043bc       0x20 ./sdk/sys_man/sys_timer.o
                0x000043bc                sys_timer_get_tick_offset
 .text.sys_timer_get_uptime_ticks
                0x000043dc       0x3c ./sdk/sys_man/sys_timer.o
                0x000043dc                sys_timer_get_uptime_ticks
 .text.sys_timer_get_uptime_ticks_fromISR
                0x00004418       0x20 ./sdk/sys_man/sys_timer.o
                0x00004418                sys_timer_get_uptime_ticks_fromISR
 .text.sys_timer_get_timestamp_fromCPM
                0x00004438       0x18 ./sdk/sys_man/sys_timer.o
                0x00004438                sys_timer_get_timestamp_fromCPM
 .text.sys_watchdog_register
                0x00004450       0xa8 ./sdk/sys_man/sys_watchdog.o
                0x00004450                sys_watchdog_register
 .text.sys_watchdog_suspend
                0x000044f8       0x3c ./sdk/sys_man/sys_watchdog.o
                0x000044f8                sys_watchdog_suspend
 .text.sys_watchdog_monitor_mask_empty
                0x00004534       0x14 ./sdk/sys_man/sys_watchdog.o
                0x00004534                sys_watchdog_monitor_mask_empty
 .text.sys_watchdog_set_pos_val
                0x00004548       0x70 ./sdk/sys_man/sys_watchdog.o
                0x00004548                sys_watchdog_set_pos_val
 .text.sys_watchdog_init
                0x000045b8       0x30 ./sdk/sys_man/sys_watchdog.o
                0x000045b8                sys_watchdog_init
 .text.reset_watchdog
                0x000045e8       0x28 ./sdk/sys_man/sys_watchdog.o
 .text.watchdog_cb
                0x00004610       0x64 ./sdk/sys_man/sys_watchdog.o
 .text.sys_watchdog_notify_and_resume
                0x00004674       0x7c ./sdk/sys_man/sys_watchdog.o
                0x00004674                sys_watchdog_notify_and_resume
 .text.sys_watchdog_notify
                0x000046f0       0x74 ./sdk/sys_man/sys_watchdog.o
                0x000046f0                sys_watchdog_notify
 .text.sys_watchdog_get_val
                0x00004764       0x3c ./sdk/sys_man/sys_watchdog.o
                0x00004764                sys_watchdog_get_val
 .text.hw_bod_activate_on_wakeup
                0x000047a0       0xe2 ./sdk/peripherals/src/hw_bod_da1459x.o
 .text.hw_bod_configure
                0x00004882       0x28 ./sdk/peripherals/src/hw_bod_da1459x.o
                0x00004882                hw_bod_configure
 *fill*         0x000048aa        0x2 
 .text.hw_bod_set_channel_voltage_level
                0x000048ac       0x60 ./sdk/peripherals/src/hw_bod_da1459x.o
                0x000048ac                hw_bod_set_channel_voltage_level
 .text.hw_bod_get_channel_voltage_level
                0x0000490c       0x44 ./sdk/peripherals/src/hw_bod_da1459x.o
                0x0000490c                hw_bod_get_channel_voltage_level
 .text.hw_bod_get_status
                0x00004950       0x48 ./sdk/peripherals/src/hw_bod_da1459x.o
                0x00004950                hw_bod_get_status
 .text.hw_bod_deactivate
                0x00004998       0x22 ./sdk/peripherals/src/hw_bod_da1459x.o
                0x00004998                hw_bod_deactivate
 *fill*         0x000049ba        0x2 
 .text.MRM_Handler
                0x000049bc       0x10 ./sdk/peripherals/src/hw_cache.o
                0x000049bc                MRM_Handler
 .text.hw_clk_start_calibration
                0x000049cc       0x40 ./sdk/peripherals/src/hw_clk_da1459x.o
                0x000049cc                hw_clk_start_calibration
 .text.hw_clk_get_calibration_data
                0x00004a0c       0x14 ./sdk/peripherals/src/hw_clk_da1459x.o
                0x00004a0c                hw_clk_get_calibration_data
 .text.hw_clk_delay_usec
                0x00004a20       0x60 ./sdk/peripherals/src/hw_clk_da1459x.o
                0x00004a20                hw_clk_delay_usec
 .text.hw_clk_xtalm_configure_cur_set
                0x00004a80      0x11c ./sdk/peripherals/src/hw_clk_da1459x.o
                0x00004a80                hw_clk_xtalm_configure_cur_set
 .text.hw_clk_xtalm_configure_irq
                0x00004b9c      0x114 ./sdk/peripherals/src/hw_clk_da1459x.o
                0x00004b9c                hw_clk_xtalm_configure_irq
 .text.hw_dma_channel_initialization
                0x00004cb0      0x254 ./sdk/peripherals/src/hw_dma.o
                0x00004cb0                hw_dma_channel_initialization
 .text.hw_dma_channel_update_int_ix
                0x00004f04        0xc ./sdk/peripherals/src/hw_dma.o
                0x00004f04                hw_dma_channel_update_int_ix
 .text.hw_dma_channel_enable
                0x00004f10       0x84 ./sdk/peripherals/src/hw_dma.o
                0x00004f10                hw_dma_channel_enable
 .text.hw_dma_channel_active
                0x00004f94       0x3c ./sdk/peripherals/src/hw_dma.o
                0x00004f94                hw_dma_channel_active
 .text.hw_dma_is_channel_active
                0x00004fd0       0x10 ./sdk/peripherals/src/hw_dma.o
                0x00004fd0                hw_dma_is_channel_active
 .text.DMA_Handler
                0x00004fe0       0xb0 ./sdk/peripherals/src/hw_dma.o
                0x00004fe0                DMA_Handler
 .text.hw_gpadc_dma_configure
                0x00005090       0x74 ./sdk/peripherals/src/hw_gpadc.o
 .text.read_dma_mode
                0x00005104       0x78 ./sdk/peripherals/src/hw_gpadc.o
 .text.read_polling_mode
                0x0000517c       0xa8 ./sdk/peripherals/src/hw_gpadc.o
 .text.hw_gpadc_offset_calibrate
                0x00005224      0x1f4 ./sdk/peripherals/src/hw_gpadc.o
                0x00005224                hw_gpadc_offset_calibrate
 .text.hw_gpadc_configure
                0x00005418      0x1a8 ./sdk/peripherals/src/hw_gpadc.o
                0x00005418                hw_gpadc_configure
 .text.hw_gpadc_register_interrupt
                0x000055c0       0x2c ./sdk/peripherals/src/hw_gpadc.o
                0x000055c0                hw_gpadc_register_interrupt
 .text.read_irq_mode
                0x000055ec       0x40 ./sdk/peripherals/src/hw_gpadc.o
 .text.read_irq_callback_wrapper
                0x0000562c       0x64 ./sdk/peripherals/src/hw_gpadc.o
 .text.hw_gpadc_unregister_interrupt
                0x00005690       0x38 ./sdk/peripherals/src/hw_gpadc.o
                0x00005690                hw_gpadc_unregister_interrupt
 .text.hw_gpadc_init
                0x000056c8       0x84 ./sdk/peripherals/src/hw_gpadc.o
                0x000056c8                hw_gpadc_init
 .text.hw_gpadc_unregister_interrupt_no_clear
                0x0000574c       0x34 ./sdk/peripherals/src/hw_gpadc.o
                0x0000574c                hw_gpadc_unregister_interrupt_no_clear
 .text.hw_gpadc_stop_no_wait
                0x00005780       0x18 ./sdk/peripherals/src/hw_gpadc.o
 .text.read_dma_callback_wrapper
                0x00005798       0x70 ./sdk/peripherals/src/hw_gpadc.o
 .text.ADC_Handler
                0x00005808       0x1c ./sdk/peripherals/src/hw_gpadc.o
                0x00005808                ADC_Handler
 .text.hw_gpadc_read
                0x00005824       0x68 ./sdk/peripherals/src/hw_gpadc.o
                0x00005824                hw_gpadc_read
 .text.hw_gpadc_pre_check_for_gain_error
                0x0000588c       0x20 ./sdk/peripherals/src/hw_gpadc.o
                0x0000588c                hw_gpadc_pre_check_for_gain_error
 .text.hw_gpadc_store_se_gain_error
                0x000058ac        0xc ./sdk/peripherals/src/hw_gpadc.o
                0x000058ac                hw_gpadc_store_se_gain_error
 .text.hw_gpadc_store_diff_gain_error
                0x000058b8        0xc ./sdk/peripherals/src/hw_gpadc.o
                0x000058b8                hw_gpadc_store_diff_gain_error
 .text.hw_gpadc_store_se_offset_error
                0x000058c4        0xc ./sdk/peripherals/src/hw_gpadc.o
                0x000058c4                hw_gpadc_store_se_offset_error
 .text.hw_gpadc_store_diff_offset_error
                0x000058d0        0xc ./sdk/peripherals/src/hw_gpadc.o
                0x000058d0                hw_gpadc_store_diff_offset_error
 .text.hw_gpadc_apply_correction
                0x000058dc       0xdc ./sdk/peripherals/src/hw_gpadc.o
                0x000058dc                hw_gpadc_apply_correction
 .text.hw_gpadc_check_tcs_custom_values
                0x000059b8       0x58 ./sdk/peripherals/src/hw_gpadc_v2.o
                0x000059b8                hw_gpadc_check_tcs_custom_values
 .text.hw_gpadc_store_ambient_calibration_point
                0x00005a10       0x28 ./sdk/peripherals/src/hw_gpadc_v2.o
                0x00005a10                hw_gpadc_store_ambient_calibration_point
 .text.hw_gpadc_convert_to_celsius_x100_util
                0x00005a38       0x5c ./sdk/peripherals/src/hw_gpadc_v2.o
                0x00005a38                hw_gpadc_convert_to_celsius_x100_util
 .text.hw_gpio_set_pin_function
                0x00005a94       0x14 ./sdk/peripherals/src/hw_gpio.o
                0x00005a94                hw_gpio_set_pin_function
 .text.hw_gpio_set_active
                0x00005aa8       0x14 ./sdk/peripherals/src/hw_gpio.o
                0x00005aa8                hw_gpio_set_active
 .text.hw_gpio_set_inactive
                0x00005abc       0x14 ./sdk/peripherals/src/hw_gpio.o
                0x00005abc                hw_gpio_set_inactive
 .text.BusFault_Handler
                0x00005ad0       0x3c ./sdk/peripherals/src/hw_hard_fault.o
                0x00005ad0                BusFault_Handler
 .text.hw_memctrl_reset
                0x00005b0c       0x10 ./sdk/peripherals/src/hw_memctrl.o
                0x00005b0c                hw_memctrl_reset
 .text.hw_pdc_entry_matches
                0x00005b1c       0x7c ./sdk/peripherals/src/hw_pdc.o
 .text.hw_pdc_add_entry
                0x00005b98       0x38 ./sdk/peripherals/src/hw_pdc.o
                0x00005b98                hw_pdc_add_entry
 .text.hw_pdc_write_entry
                0x00005bd0       0x5c ./sdk/peripherals/src/hw_pdc.o
                0x00005bd0                hw_pdc_write_entry
 .text.hw_pdc_remove_entry
                0x00005c2c       0x24 ./sdk/peripherals/src/hw_pdc.o
                0x00005c2c                hw_pdc_remove_entry
 .text.hw_pdc_lut_reset
                0x00005c50       0x34 ./sdk/peripherals/src/hw_pdc.o
                0x00005c50                hw_pdc_lut_reset
 .text.hw_pdc_find_entry
                0x00005c84       0x38 ./sdk/peripherals/src/hw_pdc.o
                0x00005c84                hw_pdc_find_entry
 .text.hw_pdc_lut_keep
                0x00005cbc       0x56 ./sdk/peripherals/src/hw_pdc.o
                0x00005cbc                hw_pdc_lut_keep
 .text.hw_pmu_1v8_onwakeup_enable
                0x00005d12      0x13c ./sdk/peripherals/src/hw_pmu_da1459x.o
                0x00005d12                hw_pmu_1v8_onwakeup_enable
 .text.hw_pmu_1v8_onwakeup_disable
                0x00005e4e       0x3a ./sdk/peripherals/src/hw_pmu_da1459x.o
                0x00005e4e                hw_pmu_1v8_onwakeup_disable
 .text.hw_pmu_1v8_onsleep_enable
                0x00005e88       0x80 ./sdk/peripherals/src/hw_pmu_da1459x.o
                0x00005e88                hw_pmu_1v8_onsleep_enable
 .text.hw_pmu_1v8_onsleep_disable
                0x00005f08       0x2e ./sdk/peripherals/src/hw_pmu_da1459x.o
                0x00005f08                hw_pmu_1v8_onsleep_disable
 .text.hw_pmu_get_1v8_active_config
                0x00005f36       0x5c ./sdk/peripherals/src/hw_pmu_da1459x.o
                0x00005f36                hw_pmu_get_1v8_active_config
 .text.hw_pmu_get_1v8_onwakeup_config
                0x00005f92        0x8 ./sdk/peripherals/src/hw_pmu_da1459x.o
                0x00005f92                hw_pmu_get_1v8_onwakeup_config
 *fill*         0x00005f9a        0x2 
 .text.hw_pmu_vdcdc_set_voltage
                0x00005f9c      0x174 ./sdk/peripherals/src/hw_pmu_da1459x.o
                0x00005f9c                hw_pmu_vdcdc_set_voltage
 .text.hw_pmu_vdcdc_onwakeup_enable
                0x00006110       0x7c ./sdk/peripherals/src/hw_pmu_da1459x.o
                0x00006110                hw_pmu_vdcdc_onwakeup_enable
 .text.hw_pmu_vdcdc_onwakeup_disable
                0x0000618c       0xe0 ./sdk/peripherals/src/hw_pmu_da1459x.o
                0x0000618c                hw_pmu_vdcdc_onwakeup_disable
 .text.hw_pmu_vdcdc_onsleep_enable
                0x0000626c       0x94 ./sdk/peripherals/src/hw_pmu_da1459x.o
                0x0000626c                hw_pmu_vdcdc_onsleep_enable
 .text.hw_pmu_vdcdc_onsleep_disable
                0x00006300       0x60 ./sdk/peripherals/src/hw_pmu_da1459x.o
                0x00006300                hw_pmu_vdcdc_onsleep_disable
 .text.hw_pmu_get_vdcdc_active_config
                0x00006360       0x50 ./sdk/peripherals/src/hw_pmu_da1459x.o
                0x00006360                hw_pmu_get_vdcdc_active_config
 .text.hw_pmu_get_vdcdc_onwakeup_config
                0x000063b0        0x8 ./sdk/peripherals/src/hw_pmu_da1459x.o
                0x000063b0                hw_pmu_get_vdcdc_onwakeup_config
 .text.hw_pmu_vdd_set_voltage
                0x000063b8      0x234 ./sdk/peripherals/src/hw_pmu_da1459x.o
                0x000063b8                hw_pmu_vdd_set_voltage
 .text.hw_pmu_vdd_onwakeup_enable
                0x000065ec       0xb4 ./sdk/peripherals/src/hw_pmu_da1459x.o
                0x000065ec                hw_pmu_vdd_onwakeup_enable
 .text.hw_pmu_vdd_onwakeup_disable
                0x000066a0       0x80 ./sdk/peripherals/src/hw_pmu_da1459x.o
                0x000066a0                hw_pmu_vdd_onwakeup_disable
 .text.hw_pmu_vdd_onsleep_enable
                0x00006720       0x40 ./sdk/peripherals/src/hw_pmu_da1459x.o
                0x00006720                hw_pmu_vdd_onsleep_enable
 .text.hw_pmu_vdd_onsleep_disable
                0x00006760       0x4a ./sdk/peripherals/src/hw_pmu_da1459x.o
                0x00006760                hw_pmu_vdd_onsleep_disable
 .text.hw_pmu_get_vdd_active_config
                0x000067aa       0x48 ./sdk/peripherals/src/hw_pmu_da1459x.o
                0x000067aa                hw_pmu_get_vdd_active_config
 .text.hw_pmu_get_vdd_onwakeup_config
                0x000067f2        0x8 ./sdk/peripherals/src/hw_pmu_da1459x.o
                0x000067f2                hw_pmu_get_vdd_onwakeup_config
 .text.bdc_to_time
                0x000067fa       0x56 ./sdk/peripherals/src/hw_rtc.o
 .text.bdc_to_clndr
                0x00006850       0x68 ./sdk/peripherals/src/hw_rtc.o
 .text.hw_rtc_register_correction_cb
                0x000068b8        0xc ./sdk/peripherals/src/hw_rtc.o
                0x000068b8                hw_rtc_register_correction_cb
 .text.hw_rtc_get_time_clndr
                0x000068c4       0x60 ./sdk/peripherals/src/hw_rtc.o
                0x000068c4                hw_rtc_get_time_clndr
 .text.RTC_Handler
                0x00006924       0x1c ./sdk/peripherals/src/hw_rtc.o
                0x00006924                RTC_Handler
 .text.get_device_variant
                0x00006940       0x3e ./sdk/peripherals/src/hw_sys_da1459x.o
 *fill*         0x0000697e        0x2 
 .text.hw_sys_set_preferred_values
                0x00006980       0x9c ./sdk/peripherals/src/hw_sys_da1459x.o
                0x00006980                hw_sys_set_preferred_values
 .text.hw_sys_sw_bsr_init
                0x00006a1c       0x2c ./sdk/peripherals/src/hw_sys_da1459x.o
                0x00006a1c                hw_sys_sw_bsr_init
 .text.hw_sys_pd_com_enable
                0x00006a48       0x94 ./sdk/peripherals/src/hw_sys_da1459x.o
                0x00006a48                hw_sys_pd_com_enable
 .text.hw_sys_pd_com_disable
                0x00006adc       0x64 ./sdk/peripherals/src/hw_sys_da1459x.o
                0x00006adc                hw_sys_pd_com_disable
 .text.hw_sys_setup_sw_cursor
                0x00006b40       0x28 ./sdk/peripherals/src/hw_sys_da1459x.o
                0x00006b40                hw_sys_setup_sw_cursor
 .text.hw_sys_pd_periph_enable
                0x00006b68       0x68 ./sdk/peripherals/src/hw_sys_da1459x.o
                0x00006b68                hw_sys_pd_periph_enable
 .text.hw_sys_pd_periph_disable
                0x00006bd0       0x64 ./sdk/peripherals/src/hw_sys_da1459x.o
                0x00006bd0                hw_sys_pd_periph_disable
 .text.hw_sys_reg_apply_config
                0x00006c34       0x28 ./sdk/peripherals/src/hw_sys_da1459x.o
                0x00006c34                hw_sys_reg_apply_config
 .text.hw_sys_apply_default_values
                0x00006c5c       0x74 ./sdk/peripherals/src/hw_sys_da1459x.o
                0x00006c5c                hw_sys_apply_default_values
 .text.hw_sys_device_info_init
                0x00006cd0       0x6c ./sdk/peripherals/src/hw_sys_da1459x.o
                0x00006cd0                hw_sys_device_info_init
 .text.hw_sys_device_variant_init
                0x00006d3c       0x30 ./sdk/peripherals/src/hw_sys_da1459x.o
                0x00006d3c                hw_sys_device_variant_init
 .text.hw_sys_device_info_check
                0x00006d6c       0x18 ./sdk/peripherals/src/hw_sys_da1459x.o
                0x00006d6c                hw_sys_device_info_check
 .text.hw_sys_is_compatible_chip
                0x00006d84       0x32 ./sdk/peripherals/src/hw_sys_da1459x.o
                0x00006d84                hw_sys_is_compatible_chip
 *fill*         0x00006db6        0x2 
 .text.hw_sys_get_physical_addr
                0x00006db8       0x90 ./sdk/peripherals/src/hw_sys_da1459x.o
                0x00006db8                hw_sys_get_physical_addr
 .text.hw_timer_configure_timer
                0x00006e48       0xc4 ./sdk/peripherals/src/hw_timer.o
                0x00006e48                hw_timer_configure_timer
 .text.hw_timer_configure_oneshot
                0x00006f0c       0x78 ./sdk/peripherals/src/hw_timer.o
                0x00006f0c                hw_timer_configure_oneshot
 .text.hw_timer_register_int
                0x00006f84       0x9c ./sdk/peripherals/src/hw_timer.o
                0x00006f84                hw_timer_register_int
 .text.hw_timer_unregister_int
                0x00007020       0xcc ./sdk/peripherals/src/hw_timer.o
                0x00007020                hw_timer_unregister_int
 .text.Timer_Handler
                0x000070ec       0x1c ./sdk/peripherals/src/hw_timer.o
                0x000070ec                Timer_Handler
 .text.Timer2_Handler
                0x00007108       0x1c ./sdk/peripherals/src/hw_timer.o
                0x00007108                Timer2_Handler
 .text.Timer3_Handler
                0x00007124       0x1c ./sdk/peripherals/src/hw_timer.o
                0x00007124                Timer3_Handler
 .text.Timer4_Handler
                0x00007140       0x1c ./sdk/peripherals/src/hw_timer.o
                0x00007140                Timer4_Handler
 .text.CAPTIMER_Handler
                0x0000715c       0x24 ./sdk/peripherals/src/hw_timer.o
                0x0000715c                CAPTIMER_Handler
 .text.hw_timer_configure_pwm
                0x00007180      0x184 ./sdk/peripherals/src/hw_timer.o
                0x00007180                hw_timer_configure_pwm
 .text.hw_timer_configure
                0x00007304       0x88 ./sdk/peripherals/src/hw_timer.o
                0x00007304                hw_timer_configure
 .text.hw_timer_init
                0x0000738c      0x118 ./sdk/peripherals/src/hw_timer.o
                0x0000738c                hw_timer_init
 .text.hw_uart_fire_rx_callback
                0x000074a4       0x6c ./sdk/peripherals/src/hw_uart.o
 .text.hw_uart_irq_stop_receive
                0x00007510       0x84 ./sdk/peripherals/src/hw_uart.o
 .text.hw_uart_tx_dma_callback
                0x00007594       0x24 ./sdk/peripherals/src/hw_uart.o
 .text.hw_uart_rx_dma_callback
                0x000075b8       0x78 ./sdk/peripherals/src/hw_uart.o
 .text.fifo_dma_burst_not_match
                0x00007630       0x7c ./sdk/peripherals/src/hw_uart.o
 .text.hw_uart_read
                0x000076ac        0xe ./sdk/peripherals/src/hw_uart.o
                0x000076ac                hw_uart_read
 .text.hw_uart_write
                0x000076ba        0xc ./sdk/peripherals/src/hw_uart.o
                0x000076ba                hw_uart_write
 *fill*         0x000076c6        0x2 
 .text.hw_uart_write_buffer
                0x000076c8       0x2c ./sdk/peripherals/src/hw_uart.o
                0x000076c8                hw_uart_write_buffer
 .text.hw_uart_send
                0x000076f4       0xfc ./sdk/peripherals/src/hw_uart.o
                0x000076f4                hw_uart_send
 .text.hw_uart_set_sclk
                0x000077f0       0x3c ./sdk/peripherals/src/hw_uart.o
                0x000077f0                hw_uart_set_sclk
 .text.hw_uart_baudrate_set
                0x0000782c       0xa8 ./sdk/peripherals/src/hw_uart.o
                0x0000782c                hw_uart_baudrate_set
 .text.hw_uart_configure_dma_channels
                0x000078d4      0x218 ./sdk/peripherals/src/hw_uart.o
                0x000078d4                hw_uart_configure_dma_channels
 .text.hw_uart_init
                0x00007aec      0x1b4 ./sdk/peripherals/src/hw_uart.o
                0x00007aec                hw_uart_init
 .text.hw_uart_error_getf
                0x00007ca0       0x38 ./sdk/peripherals/src/hw_uart.o
                0x00007ca0                hw_uart_error_getf
 .text.hw_uart_thr_empty_getf
                0x00007cd8        0x8 ./sdk/peripherals/src/hw_uart.o
                0x00007cd8                hw_uart_thr_empty_getf
 .text.UART_Interrupt_Handler
                0x00007ce0      0x20c ./sdk/peripherals/src/hw_uart.o
                0x00007ce0                UART_Interrupt_Handler
 .text.UART_Handler
                0x00007eec       0x10 ./sdk/peripherals/src/hw_uart.o
                0x00007eec                UART_Handler
 .text.UART2_Handler
                0x00007efc       0x10 ./sdk/peripherals/src/hw_uart.o
                0x00007efc                UART2_Handler
 .text.hw_watchdog_register_int
                0x00007f0c        0xc ./sdk/peripherals/src/hw_watchdog.o
                0x00007f0c                hw_watchdog_register_int
 .text.hw_watchdog_handle_int
                0x00007f18       0xec ./sdk/peripherals/src/hw_watchdog.o
                0x00007f18                hw_watchdog_handle_int
 .text.NMI_HandlerC
                0x00008004       0x18 ./sdk/peripherals/src/hw_watchdog.o
                0x00008004                NMI_HandlerC
 .text.hw_wkup_key_handler
                0x0000801c       0x10 ./sdk/peripherals/src/hw_wkup_v2.o
                0x0000801c                hw_wkup_key_handler
 .text.hw_wkup_p0_handler
                0x0000802c       0x24 ./sdk/peripherals/src/hw_wkup_v2.o
                0x0000802c                hw_wkup_p0_handler
 .text.hw_wkup_p1_handler
                0x00008050       0x24 ./sdk/peripherals/src/hw_wkup_v2.o
                0x00008050                hw_wkup_p1_handler
 .text.Key_Wkup_GPIO_Handler
                0x00008074       0x20 ./sdk/peripherals/src/hw_wkup_v2.o
                0x00008074                Key_Wkup_GPIO_Handler
 .text.GPIO_P0_Handler
                0x00008094       0x14 ./sdk/peripherals/src/hw_wkup_v2.o
                0x00008094                GPIO_P0_Handler
 .text.GPIO_P1_Handler
                0x000080a8       0x14 ./sdk/peripherals/src/hw_wkup_v2.o
                0x000080a8                GPIO_P1_Handler
 .text.list_remove
                0x000080bc       0x30 ./sdk/osal/resmgmt.o
 .text.resource_init
                0x000080ec       0x44 ./sdk/osal/resmgmt.o
                0x000080ec                resource_init
 .text.resource_acquire
                0x00008130      0x138 ./sdk/osal/resmgmt.o
                0x00008130                resource_acquire
 .text.resource_release
                0x00008268       0xf0 ./sdk/osal/resmgmt.o
                0x00008268                resource_release
 .text.check_for_protected_ranges
                0x00008358       0x68 ./sdk/memory/src/eflash_automode.o
 .text.eflash_automode_get_physical_addr
                0x000083c0        0x6 ./sdk/memory/src/eflash_automode.o
                0x000083c0                eflash_automode_get_physical_addr
 .text.eflash_automode_is_valid_virtual_address_range
                0x000083c6       0x12 ./sdk/memory/src/eflash_automode.o
                0x000083c6                eflash_automode_is_valid_virtual_address_range
 .text.eflash_automode_read
                0x000083d8       0x48 ./sdk/memory/src/eflash_automode.o
                0x000083d8                eflash_automode_read
 .text.ad_gpadc_gpio_io_config
                0x00008420       0x6a ./sdk/adapters/src/ad_gpadc.o
 *fill*         0x0000848a        0x2 
 .text.validate_drv_config
                0x0000848c       0x9c ./sdk/adapters/src/ad_gpadc.o
 .text.ad_gpadc_pad_latches
                0x00008528      0x170 ./sdk/adapters/src/ad_gpadc.o
 .text.ad_gpadc_init
                0x00008698       0x34 ./sdk/adapters/src/ad_gpadc.o
                0x00008698                ad_gpadc_init
 .text.ad_gpadc_acquire
                0x000086cc       0x16 ./sdk/adapters/src/ad_gpadc.o
 .text.ad_gpadc_release
                0x000086e2        0xc ./sdk/adapters/src/ad_gpadc.o
 *fill*         0x000086ee        0x2 
 .text.gpadc_cb_wrapper_sync
                0x000086f0       0x30 ./sdk/adapters/src/ad_gpadc.o
 .text.ad_gpadc_io_config
                0x00008720       0x40 ./sdk/adapters/src/ad_gpadc.o
                0x00008720                ad_gpadc_io_config
 .text.ad_gpadc_check_and_apply_config
                0x00008760       0x36 ./sdk/adapters/src/ad_gpadc.o
 *fill*         0x00008796        0x2 
 .text.ad_gpadc_open
                0x00008798       0x80 ./sdk/adapters/src/ad_gpadc.o
                0x00008798                ad_gpadc_open
 .text.ad_gpadc_close
                0x00008818       0x9c ./sdk/adapters/src/ad_gpadc.o
                0x00008818                ad_gpadc_close
 .text.ad_gpadc_read_nof_conv
                0x000088b4       0x88 ./sdk/adapters/src/ad_gpadc.o
                0x000088b4                ad_gpadc_read_nof_conv
 .text.__ad_pmu_vdcdc_rail_set_voltage_safe
                0x0000893c       0x14 ./sdk/adapters/src/ad_pmu.o
 .text.ad_pmu_acquire_1v4_vdcdc_voltage
                0x00008950       0x20 ./sdk/adapters/src/ad_pmu.o
 .text.ad_pmu_release_1v4_vdcdc_voltage
                0x00008970       0x24 ./sdk/adapters/src/ad_pmu.o
 .text.ad_pmu_vdcdc_rail_set_voltage_level
                0x00008994        0x8 ./sdk/adapters/src/ad_pmu.o
 .text.ad_pmu_vdd_rail_set_voltage_onwakeup_bod_safe
                0x0000899c       0x68 ./sdk/adapters/src/ad_pmu.o
 .text.ad_pmu_acquire_1v2_vdd_voltage
                0x00008a04       0x20 ./sdk/adapters/src/ad_pmu.o
 .text.ad_pmu_release_1v2_vdd_voltage
                0x00008a24       0x24 ./sdk/adapters/src/ad_pmu.o
 .text.configure_power_rail
                0x00008a48      0x114 ./sdk/adapters/src/ad_pmu.o
 .text.ad_pmu_init
                0x00008b5c      0x128 ./sdk/adapters/src/ad_pmu.o
 .text.ad_pmu_1v2_force_max_voltage_request
                0x00008c84       0x1c ./sdk/adapters/src/ad_pmu.o
                0x00008c84                ad_pmu_1v2_force_max_voltage_request
 .text.ad_pmu_1v2_force_max_voltage_release
                0x00008ca0       0x1c ./sdk/adapters/src/ad_pmu.o
                0x00008ca0                ad_pmu_1v2_force_max_voltage_release
 .text.ad_pmu_prepare_for_sleep
                0x00008cbc       0x20 ./sdk/adapters/src/ad_pmu.o
                0x00008cbc                ad_pmu_prepare_for_sleep
 .text.ad_pmu_restore_for_wake_up
                0x00008cdc       0x28 ./sdk/adapters/src/ad_pmu.o
                0x00008cdc                ad_pmu_restore_for_wake_up
 .text.prvHeapInit
                0x00008d04       0x50 ./sdk/FreeRTOS/portable/MemMang/heap_4.o
 .text.prvInsertBlockIntoFreeList
                0x00008d54       0x54 ./sdk/FreeRTOS/portable/MemMang/heap_4.o
 .text.pvPortMalloc
                0x00008da8       0xf4 ./sdk/FreeRTOS/portable/MemMang/heap_4.o
                0x00008da8                pvPortMalloc
 .text.vPortFree
                0x00008e9c       0x54 ./sdk/FreeRTOS/portable/MemMang/heap_4.o
                0x00008e9c                vPortFree
 .text.prvSetupFPU
                0x00008ef0       0x1c ./sdk/FreeRTOS/portable/GCC/DA1459x/port.o
 .text.prvTaskExitError
                0x00008f0c       0x2c ./sdk/FreeRTOS/portable/GCC/DA1459x/port.o
 .text.vGetRunTimeCounterValue
                0x00008f38       0x1c ./sdk/FreeRTOS/portable/GCC/DA1459x/port.o
                0x00008f38                vGetRunTimeCounterValue
 .text.vPortSetupTimerInterrupt
                0x00008f54       0x10 ./sdk/FreeRTOS/portable/GCC/DA1459x/port.o
                0x00008f54                vPortSetupTimerInterrupt
 .text.vPortYield
                0x00008f64       0x18 ./sdk/FreeRTOS/portable/GCC/DA1459x/port.o
                0x00008f64                vPortYield
 .text.vPortEnterCritical
                0x00008f7c       0x1c ./sdk/FreeRTOS/portable/GCC/DA1459x/port.o
                0x00008f7c                vPortEnterCritical
 .text.vPortExitCritical
                0x00008f98       0x28 ./sdk/FreeRTOS/portable/GCC/DA1459x/port.o
                0x00008f98                vPortExitCritical
 .text.xPortTickAdvance
                0x00008fc0       0x18 ./sdk/FreeRTOS/portable/GCC/DA1459x/port.o
                0x00008fc0                xPortTickAdvance
 .text.prvSystemSleep
                0x00008fd8       0x48 ./sdk/FreeRTOS/portable/GCC/DA1459x/port.o
                0x00008fd8                prvSystemSleep
 .text.vPortSVCHandler_C
                0x00009020       0x1a ./sdk/FreeRTOS/portable/GCC/DA1459x/port.o
                0x00009020                vPortSVCHandler_C
 *fill*         0x0000903a        0x2 
 .text.pxPortInitialiseStack
                0x0000903c       0x90 ./sdk/FreeRTOS/portable/GCC/DA1459x/port.o
                0x0000903c                pxPortInitialiseStack
 .text.xPortStartScheduler
                0x000090cc       0x38 ./sdk/FreeRTOS/portable/GCC/DA1459x/port.o
                0x000090cc                xPortStartScheduler
 *fill*         0x00009104        0xc 
 .text.vRestoreContextOfFirstTask
                0x00009110       0x34 ./sdk/FreeRTOS/portable/GCC/DA1459x/portasm.o
                0x00009110                vRestoreContextOfFirstTask
 *fill*         0x00009144        0xc 
 .text.vStartFirstTask
                0x00009150       0x24 ./sdk/FreeRTOS/portable/GCC/DA1459x/portasm.o
                0x00009150                vStartFirstTask
 .text.ulSetInterruptMask
                0x00009174       0x16 ./sdk/FreeRTOS/portable/GCC/DA1459x/portasm.o
                0x00009174                ulSetInterruptMask
 .text.vClearInterruptMask
                0x0000918a        0xe ./sdk/FreeRTOS/portable/GCC/DA1459x/portasm.o
                0x0000918a                vClearInterruptMask
 *fill*         0x00009198        0x8 
 .text.PendSV_Handler
                0x000091a0       0x64 ./sdk/FreeRTOS/portable/GCC/DA1459x/portasm.o
                0x000091a0                PendSV_Handler
 *fill*         0x00009204        0xc 
 .text.SVC_Handler
                0x00009210       0x24 ./sdk/FreeRTOS/portable/GCC/DA1459x/portasm.o
                0x00009210                SVC_Handler
 .text.xEventGroupCreate
                0x00009234       0x1a ./sdk/FreeRTOS/event_groups.o
                0x00009234                xEventGroupCreate
 .text.xEventGroupClearBits
                0x0000924e       0x2a ./sdk/FreeRTOS/event_groups.o
                0x0000924e                xEventGroupClearBits
 .text.vEventGroupClearBitsCallback
                0x00009278        0x8 ./sdk/FreeRTOS/event_groups.o
                0x00009278                vEventGroupClearBitsCallback
 .text.xEventGroupClearBitsFromISR
                0x00009280       0x14 ./sdk/FreeRTOS/event_groups.o
                0x00009280                xEventGroupClearBitsFromISR
 .text.xEventGroupGetBitsFromISR
                0x00009294       0x12 ./sdk/FreeRTOS/event_groups.o
                0x00009294                xEventGroupGetBitsFromISR
 .text.xEventGroupSetBits
                0x000092a6       0x72 ./sdk/FreeRTOS/event_groups.o
                0x000092a6                xEventGroupSetBits
 .text.vEventGroupSetBitsCallback
                0x00009318        0x8 ./sdk/FreeRTOS/event_groups.o
                0x00009318                vEventGroupSetBitsCallback
 .text.xEventGroupSetBitsFromISR
                0x00009320       0x14 ./sdk/FreeRTOS/event_groups.o
                0x00009320                xEventGroupSetBitsFromISR
 .text.vListInitialise
                0x00009334       0x16 ./sdk/FreeRTOS/list.o
                0x00009334                vListInitialise
 .text.vListInitialiseItem
                0x0000934a        0x6 ./sdk/FreeRTOS/list.o
                0x0000934a                vListInitialiseItem
 .text.vListInsertEnd
                0x00009350       0x18 ./sdk/FreeRTOS/list.o
                0x00009350                vListInsertEnd
 .text.vListInsert
                0x00009368       0x34 ./sdk/FreeRTOS/list.o
                0x00009368                vListInsert
 .text.uxListRemove
                0x0000939c       0x28 ./sdk/FreeRTOS/list.o
                0x0000939c                uxListRemove
 .text.prvGetDisinheritPriorityAfterTimeout
                0x000093c4       0x12 ./sdk/FreeRTOS/queue.o
 .text.prvIsQueueFull
                0x000093d6       0x1e ./sdk/FreeRTOS/queue.o
 .text.prvIsQueueEmpty
                0x000093f4       0x1a ./sdk/FreeRTOS/queue.o
 .text.prvCopyDataToQueue
                0x0000940e       0x76 ./sdk/FreeRTOS/queue.o
 .text.prvNotifyQueueSetContainer
                0x00009484       0x68 ./sdk/FreeRTOS/queue.o
 .text.prvCopyDataFromQueue
                0x000094ec       0x24 ./sdk/FreeRTOS/queue.o
 .text.prvUnlockQueue
                0x00009510       0x82 ./sdk/FreeRTOS/queue.o
 .text.xQueueGenericReset
                0x00009592       0x80 ./sdk/FreeRTOS/queue.o
                0x00009592                xQueueGenericReset
 .text.prvInitialiseNewQueue
                0x00009612       0x26 ./sdk/FreeRTOS/queue.o
 .text.xQueueGenericCreate
                0x00009638       0x48 ./sdk/FreeRTOS/queue.o
                0x00009638                xQueueGenericCreate
 .text.xQueueGenericSend
                0x00009680      0x13e ./sdk/FreeRTOS/queue.o
                0x00009680                xQueueGenericSend
 .text.prvInitialiseMutex
                0x000097be       0x18 ./sdk/FreeRTOS/queue.o
 .text.xQueueCreateMutex
                0x000097d6       0x16 ./sdk/FreeRTOS/queue.o
                0x000097d6                xQueueCreateMutex
 .text.xQueueGiveMutexRecursive
                0x000097ec       0x32 ./sdk/FreeRTOS/queue.o
                0x000097ec                xQueueGiveMutexRecursive
 .text.xQueueGenericSendFromISR
                0x0000981e       0xd2 ./sdk/FreeRTOS/queue.o
                0x0000981e                xQueueGenericSendFromISR
 .text.xQueueGiveFromISR
                0x000098f0       0x9e ./sdk/FreeRTOS/queue.o
                0x000098f0                xQueueGiveFromISR
 .text.xQueueReceive
                0x0000998e      0x114 ./sdk/FreeRTOS/queue.o
                0x0000998e                xQueueReceive
 .text.xQueueSemaphoreTake
                0x00009aa2      0x14e ./sdk/FreeRTOS/queue.o
                0x00009aa2                xQueueSemaphoreTake
 .text.xQueueTakeMutexRecursive
                0x00009bf0       0x36 ./sdk/FreeRTOS/queue.o
                0x00009bf0                xQueueTakeMutexRecursive
 *fill*         0x00009c26        0x2 
 .text.vQueueAddToRegistry
                0x00009c28       0x4c ./sdk/FreeRTOS/queue.o
                0x00009c28                vQueueAddToRegistry
 .text.vQueueWaitForMessageRestricted
                0x00009c74       0x52 ./sdk/FreeRTOS/queue.o
                0x00009c74                vQueueWaitForMessageRestricted
 *fill*         0x00009cc6        0x2 
 .text.prvGetExpectedIdleTime
                0x00009cc8       0x3c ./sdk/FreeRTOS/tasks.o
 .text.prvResetNextTaskUnblockTime
                0x00009d04       0x2c ./sdk/FreeRTOS/tasks.o
 .text.freertos_tasks_c_additions_init
                0x00009d30       0x10 ./sdk/FreeRTOS/tasks.o
 .text.prvDeleteTCB
                0x00009d40       0x12 ./sdk/FreeRTOS/tasks.o
 .text.prvInitialiseNewTask
                0x00009d52       0xa2 ./sdk/FreeRTOS/tasks.o
 .text.prvInitialiseTaskLists
                0x00009df4       0x5c ./sdk/FreeRTOS/tasks.o
 .text.prvAddNewTaskToReadyList
                0x00009e50       0xb8 ./sdk/FreeRTOS/tasks.o
 .text.prvCheckTasksWaitingTermination
                0x00009f08       0x44 ./sdk/FreeRTOS/tasks.o
 .text.prvAddCurrentTaskToDelayedList
                0x00009f4c       0x8c ./sdk/FreeRTOS/tasks.o
 .text.xTaskCreate
                0x00009fd8       0x62 ./sdk/FreeRTOS/tasks.o
                0x00009fd8                xTaskCreate
 *fill*         0x0000a03a        0x2 
 .text.vTaskDelete
                0x0000a03c       0x90 ./sdk/FreeRTOS/tasks.o
                0x0000a03c                vTaskDelete
 .text.vTaskStartScheduler
                0x0000a0cc       0x70 ./sdk/FreeRTOS/tasks.o
                0x0000a0cc                vTaskStartScheduler
 .text.vTaskSuspendAll
                0x0000a13c       0x14 ./sdk/FreeRTOS/tasks.o
                0x0000a13c                vTaskSuspendAll
 .text.xTaskGetTickCount
                0x0000a150        0xc ./sdk/FreeRTOS/tasks.o
                0x0000a150                xTaskGetTickCount
 .text.xTaskGetIdleTaskHandle
                0x0000a15c       0x14 ./sdk/FreeRTOS/tasks.o
                0x0000a15c                xTaskGetIdleTaskHandle
 .text.vTaskStepTick
                0x0000a170       0x28 ./sdk/FreeRTOS/tasks.o
                0x0000a170                vTaskStepTick
 .text.xTaskIncrementTick
                0x0000a198      0x168 ./sdk/FreeRTOS/tasks.o
                0x0000a198                xTaskIncrementTick
 .text.xTaskResumeAll
                0x0000a300      0x144 ./sdk/FreeRTOS/tasks.o
                0x0000a300                xTaskResumeAll
 .text.xTaskDelayUntil
                0x0000a444       0x78 ./sdk/FreeRTOS/tasks.o
                0x0000a444                xTaskDelayUntil
 .text.vTaskDelay
                0x0000a4bc       0x30 ./sdk/FreeRTOS/tasks.o
                0x0000a4bc                vTaskDelay
 .text.prvIdleTask
                0x0000a4ec       0x50 ./sdk/FreeRTOS/tasks.o
 .text.vTaskSwitchContext
                0x0000a53c       0xd8 ./sdk/FreeRTOS/tasks.o
                0x0000a53c                vTaskSwitchContext
 .text.vTaskPlaceOnEventList
                0x0000a614       0x24 ./sdk/FreeRTOS/tasks.o
                0x0000a614                vTaskPlaceOnEventList
 .text.vTaskPlaceOnEventListRestricted
                0x0000a638       0x48 ./sdk/FreeRTOS/tasks.o
                0x0000a638                vTaskPlaceOnEventListRestricted
 .text.xTaskRemoveFromEventList
                0x0000a680       0xf0 ./sdk/FreeRTOS/tasks.o
                0x0000a680                xTaskRemoveFromEventList
 .text.vTaskRemoveFromUnorderedEventList
                0x0000a770       0xcc ./sdk/FreeRTOS/tasks.o
                0x0000a770                vTaskRemoveFromUnorderedEventList
 .text.vTaskInternalSetTimeOutState
                0x0000a83c       0x14 ./sdk/FreeRTOS/tasks.o
                0x0000a83c                vTaskInternalSetTimeOutState
 .text.xTaskCheckForTimeOut
                0x0000a850       0x68 ./sdk/FreeRTOS/tasks.o
                0x0000a850                xTaskCheckForTimeOut
 .text.vTaskMissedYield
                0x0000a8b8       0x10 ./sdk/FreeRTOS/tasks.o
                0x0000a8b8                vTaskMissedYield
 .text.eTaskConfirmSleepModeStatus
                0x0000a8c8       0x40 ./sdk/FreeRTOS/tasks.o
                0x0000a8c8                eTaskConfirmSleepModeStatus
 .text.xTaskGetCurrentTaskHandle
                0x0000a908        0xc ./sdk/FreeRTOS/tasks.o
                0x0000a908                xTaskGetCurrentTaskHandle
 .text.xTaskGetSchedulerState
                0x0000a914       0x20 ./sdk/FreeRTOS/tasks.o
                0x0000a914                xTaskGetSchedulerState
 .text.xTaskPriorityInherit
                0x0000a934       0xb4 ./sdk/FreeRTOS/tasks.o
                0x0000a934                xTaskPriorityInherit
 .text.xTaskPriorityDisinherit
                0x0000a9e8       0x90 ./sdk/FreeRTOS/tasks.o
                0x0000a9e8                xTaskPriorityDisinherit
 .text.vTaskPriorityDisinheritAfterTimeout
                0x0000aa78       0xa4 ./sdk/FreeRTOS/tasks.o
                0x0000aa78                vTaskPriorityDisinheritAfterTimeout
 .text.pvTaskIncrementMutexHeldCount
                0x0000ab1c       0x1c ./sdk/FreeRTOS/tasks.o
                0x0000ab1c                pvTaskIncrementMutexHeldCount
 .text.xTaskGenericNotifyWait
                0x0000ab38       0xb4 ./sdk/FreeRTOS/tasks.o
                0x0000ab38                xTaskGenericNotifyWait
 .text.xTaskGenericNotify
                0x0000abec      0x13c ./sdk/FreeRTOS/tasks.o
                0x0000abec                xTaskGenericNotify
 .text.prvGetNextExpireTime
                0x0000ad28       0x20 ./sdk/FreeRTOS/timers.o
 .text.prvInsertTimerInActiveList
                0x0000ad48       0x44 ./sdk/FreeRTOS/timers.o
 .text.prvReloadTimer
                0x0000ad8c       0x28 ./sdk/FreeRTOS/timers.o
 .text.prvProcessExpiredTimer
                0x0000adb4       0x40 ./sdk/FreeRTOS/timers.o
 .text.prvSwitchTimerLists
                0x0000adf4       0x28 ./sdk/FreeRTOS/timers.o
 .text.prvSampleTimeNow
                0x0000ae1c       0x2c ./sdk/FreeRTOS/timers.o
 .text.prvProcessTimerOrBlockTask
                0x0000ae48       0x64 ./sdk/FreeRTOS/timers.o
 .text.prvProcessReceivedCommands
                0x0000aeac       0xf8 ./sdk/FreeRTOS/timers.o
 .text.prvTimerTask
                0x0000afa4       0x16 ./sdk/FreeRTOS/timers.o
 *fill*         0x0000afba        0x2 
 .text.prvCheckForValidListAndQueue
                0x0000afbc       0x4c ./sdk/FreeRTOS/timers.o
 .text.prvInitialiseNewTimer
                0x0000b008       0x3c ./sdk/FreeRTOS/timers.o
 .text.xTimerCreateTimerTask
                0x0000b044       0x40 ./sdk/FreeRTOS/timers.o
                0x0000b044                xTimerCreateTimerTask
 .text.xTimerCreate
                0x0000b084       0x38 ./sdk/FreeRTOS/timers.o
                0x0000b084                xTimerCreate
 .text.xTimerGenericCommand
                0x0000b0bc       0x5c ./sdk/FreeRTOS/timers.o
                0x0000b0bc                xTimerGenericCommand
 .text.xTimerIsTimerActive
                0x0000b118       0x26 ./sdk/FreeRTOS/timers.o
                0x0000b118                xTimerIsTimerActive
 *fill*         0x0000b13e        0x2 
 .text.xTimerPendFunctionCallFromISR
                0x0000b140       0x28 ./sdk/FreeRTOS/timers.o
                0x0000b140                xTimerPendFunctionCallFromISR
 .text.periph_init
                0x0000b168        0x2 ./main.o
 *fill*         0x0000b16a        0x2 
 .text.prvTemplateTask
                0x0000b16c      0x118 ./main.o
 .text.prvSetupHardware
                0x0000b284       0x10 ./main.o
 .text.system_init
                0x0000b294       0x68 ./main.o
 .text.main     0x0000b2fc       0x34 ./main.o
                0x0000b2fc                main
 .text.vApplicationMallocFailedHook
                0x0000b330        0x2 ./main.o
                0x0000b330                vApplicationMallocFailedHook
 .text.vApplicationIdleHook
                0x0000b332        0x2 ./main.o
                0x0000b332                vApplicationIdleHook
 .text.vApplicationStackOverflowHook
                0x0000b334        0xc ./main.o
                0x0000b334                vApplicationStackOverflowHook
 .text          0x0000b340       0xa0 c:/program files (x86)/gnu tools arm embedded/7 2018-q2-update/bin/../lib/gcc/arm-none-eabi/7.3.1/thumb/v8-m.main/fpv5-sp/hard\libgcc.a(_aeabi_ldivmod.o)
                0x0000b340                __aeabi_ldivmod
 .text          0x0000b3e0      0x2e0 c:/program files (x86)/gnu tools arm embedded/7 2018-q2-update/bin/../lib/gcc/arm-none-eabi/7.3.1/thumb/v8-m.main/fpv5-sp/hard\libgcc.a(_udivmoddi4.o)
                0x0000b3e0                __udivmoddi4
 .text.exit     0x0000b6c0       0x28 c:/program files (x86)/gnu tools arm embedded/7 2018-q2-update/bin/../lib/gcc/arm-none-eabi/7.3.1/../../../../arm-none-eabi/lib/thumb/v8-m.main/fpv5-sp/hard\libg_nano.a(lib_a-exit.o)
                0x0000b6c0                exit
 .text.__sflush_r
                0x0000b6e8      0x108 c:/program files (x86)/gnu tools arm embedded/7 2018-q2-update/bin/../lib/gcc/arm-none-eabi/7.3.1/../../../../arm-none-eabi/lib/thumb/v8-m.main/fpv5-sp/hard\libg_nano.a(lib_a-fflush.o)
                0x0000b6e8                __sflush_r
 .text._fflush_r
                0x0000b7f0       0x54 c:/program files (x86)/gnu tools arm embedded/7 2018-q2-update/bin/../lib/gcc/arm-none-eabi/7.3.1/../../../../arm-none-eabi/lib/thumb/v8-m.main/fpv5-sp/hard\libg_nano.a(lib_a-fflush.o)
                0x0000b7f0                _fflush_r
 .text.fflush   0x0000b844       0x24 c:/program files (x86)/gnu tools arm embedded/7 2018-q2-update/bin/../lib/gcc/arm-none-eabi/7.3.1/../../../../arm-none-eabi/lib/thumb/v8-m.main/fpv5-sp/hard\libg_nano.a(lib_a-fflush.o)
                0x0000b844                fflush
 .text.std      0x0000b868       0x48 c:/program files (x86)/gnu tools arm embedded/7 2018-q2-update/bin/../lib/gcc/arm-none-eabi/7.3.1/../../../../arm-none-eabi/lib/thumb/v8-m.main/fpv5-sp/hard\libg_nano.a(lib_a-findfp.o)
 .text._cleanup_r
                0x0000b8b0        0xc c:/program files (x86)/gnu tools arm embedded/7 2018-q2-update/bin/../lib/gcc/arm-none-eabi/7.3.1/../../../../arm-none-eabi/lib/thumb/v8-m.main/fpv5-sp/hard\libg_nano.a(lib_a-findfp.o)
                0x0000b8b0                _cleanup_r
 .text.__sfmoreglue
                0x0000b8bc       0x2c c:/program files (x86)/gnu tools arm embedded/7 2018-q2-update/bin/../lib/gcc/arm-none-eabi/7.3.1/../../../../arm-none-eabi/lib/thumb/v8-m.main/fpv5-sp/hard\libg_nano.a(lib_a-findfp.o)
                0x0000b8bc                __sfmoreglue
 .text.__sinit  0x0000b8e8       0x60 c:/program files (x86)/gnu tools arm embedded/7 2018-q2-update/bin/../lib/gcc/arm-none-eabi/7.3.1/../../../../arm-none-eabi/lib/thumb/v8-m.main/fpv5-sp/hard\libg_nano.a(lib_a-findfp.o)
                0x0000b8e8                __sinit
 .text.__sfp    0x0000b948       0x78 c:/program files (x86)/gnu tools arm embedded/7 2018-q2-update/bin/../lib/gcc/arm-none-eabi/7.3.1/../../../../arm-none-eabi/lib/thumb/v8-m.main/fpv5-sp/hard\libg_nano.a(lib_a-findfp.o)
                0x0000b948                __sfp
 .text._fwalk_reent
                0x0000b9c0       0x3c c:/program files (x86)/gnu tools arm embedded/7 2018-q2-update/bin/../lib/gcc/arm-none-eabi/7.3.1/../../../../arm-none-eabi/lib/thumb/v8-m.main/fpv5-sp/hard\libg_nano.a(lib_a-fwalk.o)
                0x0000b9c0                _fwalk_reent
 .text.__libc_init_array
                0x0000b9fc       0x48 c:/program files (x86)/gnu tools arm embedded/7 2018-q2-update/bin/../lib/gcc/arm-none-eabi/7.3.1/../../../../arm-none-eabi/lib/thumb/v8-m.main/fpv5-sp/hard\libg_nano.a(lib_a-init.o)
                0x0000b9fc                __libc_init_array
 .text.memcmp   0x0000ba44       0x1e c:/program files (x86)/gnu tools arm embedded/7 2018-q2-update/bin/../lib/gcc/arm-none-eabi/7.3.1/../../../../arm-none-eabi/lib/thumb/v8-m.main/fpv5-sp/hard\libg_nano.a(lib_a-memcmp.o)
                0x0000ba44                memcmp
 .text.memcpy   0x0000ba62       0x16 c:/program files (x86)/gnu tools arm embedded/7 2018-q2-update/bin/../lib/gcc/arm-none-eabi/7.3.1/../../../../arm-none-eabi/lib/thumb/v8-m.main/fpv5-sp/hard\libg_nano.a(lib_a-memcpy-stub.o)
                0x0000ba62                memcpy
 .text.memset   0x0000ba78       0x10 c:/program files (x86)/gnu tools arm embedded/7 2018-q2-update/bin/../lib/gcc/arm-none-eabi/7.3.1/../../../../arm-none-eabi/lib/thumb/v8-m.main/fpv5-sp/hard\libg_nano.a(lib_a-memset.o)
                0x0000ba78                memset
 .text._free_r  0x0000ba88       0x9c c:/program files (x86)/gnu tools arm embedded/7 2018-q2-update/bin/../lib/gcc/arm-none-eabi/7.3.1/../../../../arm-none-eabi/lib/thumb/v8-m.main/fpv5-sp/hard\libg_nano.a(lib_a-nano-freer.o)
                0x0000ba88                _free_r
 .text._malloc_r
                0x0000bb24       0xb4 c:/program files (x86)/gnu tools arm embedded/7 2018-q2-update/bin/../lib/gcc/arm-none-eabi/7.3.1/../../../../arm-none-eabi/lib/thumb/v8-m.main/fpv5-sp/hard\libg_nano.a(lib_a-nano-mallocr.o)
                0x0000bb24                _malloc_r
 .text._sbrk_r  0x0000bbd8       0x20 c:/program files (x86)/gnu tools arm embedded/7 2018-q2-update/bin/../lib/gcc/arm-none-eabi/7.3.1/../../../../arm-none-eabi/lib/thumb/v8-m.main/fpv5-sp/hard\libg_nano.a(lib_a-sbrkr.o)
                0x0000bbd8                _sbrk_r
 .text.setvbuf  0x0000bbf8      0x158 c:/program files (x86)/gnu tools arm embedded/7 2018-q2-update/bin/../lib/gcc/arm-none-eabi/7.3.1/../../../../arm-none-eabi/lib/thumb/v8-m.main/fpv5-sp/hard\libg_nano.a(lib_a-setvbuf.o)
                0x0000bbf8                setvbuf
 .text.__sread  0x0000bd50       0x22 c:/program files (x86)/gnu tools arm embedded/7 2018-q2-update/bin/../lib/gcc/arm-none-eabi/7.3.1/../../../../arm-none-eabi/lib/thumb/v8-m.main/fpv5-sp/hard\libg_nano.a(lib_a-stdio.o)
                0x0000bd50                __sread
 .text.__swrite
                0x0000bd72       0x38 c:/program files (x86)/gnu tools arm embedded/7 2018-q2-update/bin/../lib/gcc/arm-none-eabi/7.3.1/../../../../arm-none-eabi/lib/thumb/v8-m.main/fpv5-sp/hard\libg_nano.a(lib_a-stdio.o)
                0x0000bd72                __swrite
 .text.__sseek  0x0000bdaa       0x24 c:/program files (x86)/gnu tools arm embedded/7 2018-q2-update/bin/../lib/gcc/arm-none-eabi/7.3.1/../../../../arm-none-eabi/lib/thumb/v8-m.main/fpv5-sp/hard\libg_nano.a(lib_a-stdio.o)
                0x0000bdaa                __sseek
 .text.__sclose
                0x0000bdce        0x8 c:/program files (x86)/gnu tools arm embedded/7 2018-q2-update/bin/../lib/gcc/arm-none-eabi/7.3.1/../../../../arm-none-eabi/lib/thumb/v8-m.main/fpv5-sp/hard\libg_nano.a(lib_a-stdio.o)
                0x0000bdce                __sclose
 .text          0x0000bdd6       0x10 c:/program files (x86)/gnu tools arm embedded/7 2018-q2-update/bin/../lib/gcc/arm-none-eabi/7.3.1/../../../../arm-none-eabi/lib/thumb/v8-m.main/fpv5-sp/hard\libg_nano.a(lib_a-strlen.o)
                0x0000bdd6                strlen
 *fill*         0x0000bde6        0x2 
 .text._write_r
                0x0000bde8       0x24 c:/program files (x86)/gnu tools arm embedded/7 2018-q2-update/bin/../lib/gcc/arm-none-eabi/7.3.1/../../../../arm-none-eabi/lib/thumb/v8-m.main/fpv5-sp/hard\libg_nano.a(lib_a-writer.o)
                0x0000bde8                _write_r
 .text._close_r
                0x0000be0c       0x20 c:/program files (x86)/gnu tools arm embedded/7 2018-q2-update/bin/../lib/gcc/arm-none-eabi/7.3.1/../../../../arm-none-eabi/lib/thumb/v8-m.main/fpv5-sp/hard\libg_nano.a(lib_a-closer.o)
                0x0000be0c                _close_r
 .text._lseek_r
                0x0000be2c       0x24 c:/program files (x86)/gnu tools arm embedded/7 2018-q2-update/bin/../lib/gcc/arm-none-eabi/7.3.1/../../../../arm-none-eabi/lib/thumb/v8-m.main/fpv5-sp/hard\libg_nano.a(lib_a-lseekr.o)
                0x0000be2c                _lseek_r
 .text.__swhatbuf_r
                0x0000be50       0x48 c:/program files (x86)/gnu tools arm embedded/7 2018-q2-update/bin/../lib/gcc/arm-none-eabi/7.3.1/../../../../arm-none-eabi/lib/thumb/v8-m.main/fpv5-sp/hard\libg_nano.a(lib_a-makebuf.o)
                0x0000be50                __swhatbuf_r
 .text.malloc   0x0000be98       0x10 c:/program files (x86)/gnu tools arm embedded/7 2018-q2-update/bin/../lib/gcc/arm-none-eabi/7.3.1/../../../../arm-none-eabi/lib/thumb/v8-m.main/fpv5-sp/hard\libg_nano.a(lib_a-malloc.o)
                0x0000be98                malloc
 .text.__malloc_lock
                0x0000bea8        0x2 c:/program files (x86)/gnu tools arm embedded/7 2018-q2-update/bin/../lib/gcc/arm-none-eabi/7.3.1/../../../../arm-none-eabi/lib/thumb/v8-m.main/fpv5-sp/hard\libg_nano.a(lib_a-mlock.o)
                0x0000bea8                __malloc_lock
 .text.__malloc_unlock
                0x0000beaa        0x2 c:/program files (x86)/gnu tools arm embedded/7 2018-q2-update/bin/../lib/gcc/arm-none-eabi/7.3.1/../../../../arm-none-eabi/lib/thumb/v8-m.main/fpv5-sp/hard\libg_nano.a(lib_a-mlock.o)
                0x0000beaa                __malloc_unlock
 .text._read_r  0x0000beac       0x24 c:/program files (x86)/gnu tools arm embedded/7 2018-q2-update/bin/../lib/gcc/arm-none-eabi/7.3.1/../../../../arm-none-eabi/lib/thumb/v8-m.main/fpv5-sp/hard\libg_nano.a(lib_a-readr.o)
                0x0000beac                _read_r
 .text._fstat_r
                0x0000bed0       0x24 c:/program files (x86)/gnu tools arm embedded/7 2018-q2-update/bin/../lib/gcc/arm-none-eabi/7.3.1/../../../../arm-none-eabi/lib/thumb/v8-m.main/fpv5-sp/hard\libg_nano.a(lib_a-fstatr.o)
                0x0000bed0                _fstat_r
 .text._close   0x0000bef4       0x10 c:/program files (x86)/gnu tools arm embedded/7 2018-q2-update/bin/../lib/gcc/arm-none-eabi/7.3.1/../../../../arm-none-eabi/lib/thumb/v8-m.main/fpv5-sp/hard\libnosys.a(close.o)
                0x0000bef4                _close
 .text._fstat   0x0000bf04       0x10 c:/program files (x86)/gnu tools arm embedded/7 2018-q2-update/bin/../lib/gcc/arm-none-eabi/7.3.1/../../../../arm-none-eabi/lib/thumb/v8-m.main/fpv5-sp/hard\libnosys.a(fstat.o)
                0x0000bf04                _fstat
 .text._lseek   0x0000bf14       0x10 c:/program files (x86)/gnu tools arm embedded/7 2018-q2-update/bin/../lib/gcc/arm-none-eabi/7.3.1/../../../../arm-none-eabi/lib/thumb/v8-m.main/fpv5-sp/hard\libnosys.a(lseek.o)
                0x0000bf14                _lseek
 .text._write   0x0000bf24       0x10 c:/program files (x86)/gnu tools arm embedded/7 2018-q2-update/bin/../lib/gcc/arm-none-eabi/7.3.1/../../../../arm-none-eabi/lib/thumb/v8-m.main/fpv5-sp/hard\libnosys.a(write.o)
                0x0000bf24                _write
 .text._exit    0x0000bf34        0x4 c:/program files (x86)/gnu tools arm embedded/7 2018-q2-update/bin/../lib/gcc/arm-none-eabi/7.3.1/../../../../arm-none-eabi/lib/thumb/v8-m.main/fpv5-sp/hard\libnosys.a(_exit.o)
                0x0000bf34                _exit
                0x0000bf38                . = ALIGN (0x4)
                0x0000bf38                . = ALIGN (0x4)
                0x0000bf38                __start_adapter_init_section = .
 *(adapter_init_section)
 adapter_init_section
                0x0000bf38        0x0 ./sdk/sys_man/sys_power_mgr_da1459x.o
 adapter_init_section
                0x0000bf38        0x4 ./sdk/adapters/src/ad_gpadc.o
                0x0000bf38                ad_gpadc_adapter_ptr
 adapter_init_section
                0x0000bf3c        0x4 ./sdk/adapters/src/ad_pmu.o
                0x0000bf3c                ad_pmu_adapter_ptr
                0x0000bf40                __stop_adapter_init_section = .
                0x0000bf40                . = ALIGN (0x4)
                0x0000bf40                __start_bus_init_section = .
 *(bus_init_section)
 bus_init_section
                0x0000bf40        0x0 ./sdk/sys_man/sys_power_mgr_da1459x.o
                0x0000bf40                __stop_bus_init_section = .
                0x0000bf40                . = ALIGN (0x4)
                0x0000bf40                __start_device_init_section = .
 *(device_init_section)
 device_init_section
                0x0000bf40        0x0 ./sdk/sys_man/sys_power_mgr_da1459x.o
                0x0000bf40                __stop_device_init_section = .
 *(.init)
 .init          0x0000bf40        0x4 c:/program files (x86)/gnu tools arm embedded/7 2018-q2-update/bin/../lib/gcc/arm-none-eabi/7.3.1/thumb/v8-m.main/fpv5-sp/hard/crti.o
                0x0000bf40                _init
 .init          0x0000bf44        0x8 c:/program files (x86)/gnu tools arm embedded/7 2018-q2-update/bin/../lib/gcc/arm-none-eabi/7.3.1/thumb/v8-m.main/fpv5-sp/hard/crtn.o
 *(.fini)
 .fini          0x0000bf4c        0x4 c:/program files (x86)/gnu tools arm embedded/7 2018-q2-update/bin/../lib/gcc/arm-none-eabi/7.3.1/thumb/v8-m.main/fpv5-sp/hard/crti.o
                0x0000bf4c                _fini
 .fini          0x0000bf50        0x8 c:/program files (x86)/gnu tools arm embedded/7 2018-q2-update/bin/../lib/gcc/arm-none-eabi/7.3.1/thumb/v8-m.main/fpv5-sp/hard/crtn.o
 .fini.__stub   0x0000bf58       0xc0 linker stubs
 *crtbegin.o(.ctors)
 *crtbegin?.o(.ctors)
 *(EXCLUDE_FILE(*crtend.o *crtend?.o) .ctors)
 *(SORT_BY_NAME(.ctors.*))
 *(.ctors)
 *crtbegin.o(.dtors)
 *crtbegin?.o(.dtors)
 *(EXCLUDE_FILE(*crtend.o *crtend?.o) .dtors)
 *(SORT_BY_NAME(.dtors.*))
 *(.dtors)
                0x0000c018                . = ALIGN (0x4)
                0x0000c018                PROVIDE (__preinit_array_start = .)
 *(.preinit_array)
 .preinit_array
                0x0000c018        0x4 ./startup/DA1459x/init_da1459x.o
                0x0000c01c                PROVIDE (__preinit_array_end = .)
                0x0000c01c                . = ALIGN (0x4)
                0x0000c01c                PROVIDE (__init_array_start = .)
 *(SORT_BY_NAME(.init_array.*))
 *(.init_array)
 .init_array    0x0000c01c        0x4 c:/program files (x86)/gnu tools arm embedded/7 2018-q2-update/bin/../lib/gcc/arm-none-eabi/7.3.1/thumb/v8-m.main/fpv5-sp/hard/crtbegin.o
                0x0000c020                PROVIDE (__init_array_end = .)
                0x0000c020                . = ALIGN (0x4)
                [!provide]                PROVIDE (__fini_array_start = .)
 *(SORT_BY_NAME(.fini_array.*))
 *(.fini_array)
 .fini_array    0x0000c020        0x4 c:/program files (x86)/gnu tools arm embedded/7 2018-q2-update/bin/../lib/gcc/arm-none-eabi/7.3.1/thumb/v8-m.main/fpv5-sp/hard/crtbegin.o
                [!provide]                PROVIDE (__fini_array_end = .)
 *(.rodata*)
 .rodata.__dialog_interrupt_priorities
                0x0000c024       0x30 ./startup/DA1459x/init_da1459x.o
                0x0000c024                __dialog_interrupt_priorities
 .rodata.puts.str1.4
                0x0000c054        0x2 ./startup/config.o
 *fill*         0x0000c056        0x2 
 .rodata.vprint.str1.4
                0x0000c058       0x4f ./startup/config.o
 *fill*         0x0000c0a7        0x1 
 .rodata.sys_adc_init.str1.4
                0x0000c0a8       0x14 ./sdk/sys_man/sys_adc_da1459x.o
 .rodata.cm_rc_clocks_calibration_task_init.str1.4
                0x0000c0bc        0xe ./sdk/sys_man/sys_clock_mgr_da1459x.o
 *fill*         0x0000c0ca        0x2 
 .rodata        0x0000c0cc       0x1e ./sdk/sys_man/sys_power_mgr_da1459x.o
 *fill*         0x0000c0ea        0x2 
 .rodata        0x0000c0ec        0xb ./sdk/sys_man/sys_tcs_da1459x.o
 *fill*         0x0000c0f7        0x1 
 .rodata.hw_gpio_port_num_pins
                0x0000c0f8        0x2 ./sdk/peripherals/src/hw_gpio.o
                0x0000c0f8                hw_gpio_port_num_pins
 *fill*         0x0000c0fa        0x2 
 .rodata        0x0000c0fc        0x8 ./sdk/peripherals/src/hw_sys_da1459x.o
 .rodata.eflash_region_sizes.9681
                0x0000c104       0x20 ./sdk/peripherals/src/hw_sys_da1459x.o
 .rodata.hw_uart_divisor
                0x0000c124       0x48 ./sdk/peripherals/src/hw_uart.o
                0x0000c124                hw_uart_divisor
 .rodata.eflash_protected_ranges
                0x0000c16c       0x78 ./sdk/memory/src/eflash_automode.o
 .rodata.ad_gpadc_adapter
                0x0000c1e4        0xc ./sdk/adapters/src/ad_gpadc.o
                0x0000c1e4                ad_gpadc_adapter
 .rodata.ad_pmu_adapter
                0x0000c1f0        0xc ./sdk/adapters/src/ad_pmu.o
                0x0000c1f0                ad_pmu_adapter
 .rodata.TEMP_SENSOR_INTERNAL
                0x0000c1fc        0xc ./sdk/adapters/src/sys_platform_devices_internal.o
                0x0000c1fc                TEMP_SENSOR_INTERNAL
 .rodata.temp_sensor_internal
                0x0000c208       0x10 ./sdk/adapters/src/sys_platform_devices_internal.o
                0x0000c208                temp_sensor_internal
 .rodata.str1.4
                0x0000c218        0xb ./sdk/FreeRTOS/tasks.o
 *fill*         0x0000c223        0x1 
 .rodata.vTaskStartScheduler.str1.4
                0x0000c224        0x5 ./sdk/FreeRTOS/tasks.o
 *fill*         0x0000c229        0x3 
 .rodata.prvCheckForValidListAndQueue.str1.4
                0x0000c22c        0x5 ./sdk/FreeRTOS/timers.o
 *fill*         0x0000c231        0x3 
 .rodata.xTimerCreateTimerTask.str1.4
                0x0000c234        0x8 ./sdk/FreeRTOS/timers.o
 .rodata.main.str1.4
                0x0000c23c        0x8 ./main.o
 .rodata.system_init.str1.4
                0x0000c244        0xc ./main.o
                                  0x9 (size before relaxing)
 .rodata.__sf_fake_stderr
                0x0000c250       0x20 c:/program files (x86)/gnu tools arm embedded/7 2018-q2-update/bin/../lib/gcc/arm-none-eabi/7.3.1/../../../../arm-none-eabi/lib/thumb/v8-m.main/fpv5-sp/hard\libg_nano.a(lib_a-findfp.o)
                0x0000c250                __sf_fake_stderr
 .rodata.__sf_fake_stdin
                0x0000c270       0x20 c:/program files (x86)/gnu tools arm embedded/7 2018-q2-update/bin/../lib/gcc/arm-none-eabi/7.3.1/../../../../arm-none-eabi/lib/thumb/v8-m.main/fpv5-sp/hard\libg_nano.a(lib_a-findfp.o)
                0x0000c270                __sf_fake_stdin
 .rodata.__sf_fake_stdout
                0x0000c290       0x20 c:/program files (x86)/gnu tools arm embedded/7 2018-q2-update/bin/../lib/gcc/arm-none-eabi/7.3.1/../../../../arm-none-eabi/lib/thumb/v8-m.main/fpv5-sp/hard\libg_nano.a(lib_a-findfp.o)
                0x0000c290                __sf_fake_stdout
 .rodata._global_impure_ptr
                0x0000c2b0        0x4 c:/program files (x86)/gnu tools arm embedded/7 2018-q2-update/bin/../lib/gcc/arm-none-eabi/7.3.1/../../../../arm-none-eabi/lib/thumb/v8-m.main/fpv5-sp/hard\libg_nano.a(lib_a-impure.o)
                0x0000c2b0                _global_impure_ptr
 *(.eh_frame*)
 .eh_frame      0x0000c2b4        0x0 c:/program files (x86)/gnu tools arm embedded/7 2018-q2-update/bin/../lib/gcc/arm-none-eabi/7.3.1/thumb/v8-m.main/fpv5-sp/hard/crtbegin.o
 .eh_frame      0x0000c2b4        0x4 c:/program files (x86)/gnu tools arm embedded/7 2018-q2-update/bin/../lib/gcc/arm-none-eabi/7.3.1/thumb/v8-m.main/fpv5-sp/hard/crtend.o

.glue_7         0x0000c2b8        0x0 load address 0x3100e6b8
 .glue_7        0x0000c2b8        0x0 linker stubs

.glue_7t        0x0000c2b8        0x0 load address 0x3100e6b8
 .glue_7t       0x0000c2b8        0x0 linker stubs

.vfp11_veneer   0x0000c2b8        0x0 load address 0x3100e6b8
 .vfp11_veneer  0x0000c2b8        0x0 linker stubs

.v4_bx          0x0000c2b8        0x0 load address 0x3100e6b8
 .v4_bx         0x0000c2b8        0x0 linker stubs

.iplt           0x0000c2b8        0x0 load address 0x3100e6b8
 .iplt          0x0000c2b8        0x0 c:/program files (x86)/gnu tools arm embedded/7 2018-q2-update/bin/../lib/gcc/arm-none-eabi/7.3.1/thumb/v8-m.main/fpv5-sp/hard/crtbegin.o

.ARM.extab
 *(.ARM.extab* .gnu.linkonce.armextab.*)
                0x0000c2b8                __exidx_start = .

.ARM.exidx      0x0000c2b8        0x8 load address 0x3100e6b8
 *(.ARM.exidx* .gnu.linkonce.armexidx.*)
 .ARM.exidx     0x0000c2b8        0x8 c:/program files (x86)/gnu tools arm embedded/7 2018-q2-update/bin/../lib/gcc/arm-none-eabi/7.3.1/../../../../arm-none-eabi/lib/thumb/v8-m.main/fpv5-sp/hard/crt0.o
 .ARM.exidx     0x0000c2c0        0x0 c:/program files (x86)/gnu tools arm embedded/7 2018-q2-update/bin/../lib/gcc/arm-none-eabi/7.3.1/thumb/v8-m.main/fpv5-sp/hard\libgcc.a(_udivmoddi4.o)
                                  0x8 (size before relaxing)
                0x0000c2c0                __exidx_end = .

.rel.dyn        0x0000c2c0        0x0 load address 0x3100e6c0